Archive member included because of file (symbol)

c:/program files/gnu tools arm embedded/4.9 2015q1/bin/../lib/gcc/arm-none-eabi/4.9.3/../../../../arm-none-eabi/lib/armv7e-m\libc.a(lib_a-exit.o)
                              c:/program files/gnu tools arm embedded/4.9 2015q1/bin/../lib/gcc/arm-none-eabi/4.9.3/../../../../arm-none-eabi/lib/armv7e-m/crt0.o (exit)
c:/program files/gnu tools arm embedded/4.9 2015q1/bin/../lib/gcc/arm-none-eabi/4.9.3/../../../../arm-none-eabi/lib/armv7e-m\libc.a(lib_a-impure.o)
                              c:/program files/gnu tools arm embedded/4.9 2015q1/bin/../lib/gcc/arm-none-eabi/4.9.3/../../../../arm-none-eabi/lib/armv7e-m\libc.a(lib_a-exit.o) (_global_impure_ptr)
c:/program files/gnu tools arm embedded/4.9 2015q1/bin/../lib/gcc/arm-none-eabi/4.9.3/../../../../arm-none-eabi/lib/armv7e-m\libc.a(lib_a-init.o)
                              c:/program files/gnu tools arm embedded/4.9 2015q1/bin/../lib/gcc/arm-none-eabi/4.9.3/../../../../arm-none-eabi/lib/armv7e-m/crt0.o (__libc_init_array)
c:/program files/gnu tools arm embedded/4.9 2015q1/bin/../lib/gcc/arm-none-eabi/4.9.3/../../../../arm-none-eabi/lib/armv7e-m\libc.a(lib_a-memset.o)
                              c:/program files/gnu tools arm embedded/4.9 2015q1/bin/../lib/gcc/arm-none-eabi/4.9.3/../../../../arm-none-eabi/lib/armv7e-m/crt0.o (memset)
c:/program files/gnu tools arm embedded/4.9 2015q1/bin/../lib/gcc/arm-none-eabi/4.9.3/../../../../arm-none-eabi/lib/armv7e-m\libc.a(lib_a-__call_atexit.o)
                              c:/program files/gnu tools arm embedded/4.9 2015q1/bin/../lib/gcc/arm-none-eabi/4.9.3/../../../../arm-none-eabi/lib/armv7e-m\libc.a(lib_a-exit.o) (__call_exitprocs)
c:/program files/gnu tools arm embedded/4.9 2015q1/bin/../lib/gcc/arm-none-eabi/4.9.3/../../../../arm-none-eabi/lib/armv7e-m\libc.a(lib_a-atexit.o)
                              c:/program files/gnu tools arm embedded/4.9 2015q1/bin/../lib/gcc/arm-none-eabi/4.9.3/../../../../arm-none-eabi/lib/armv7e-m\libc.a(lib_a-__call_atexit.o) (atexit)
c:/program files/gnu tools arm embedded/4.9 2015q1/bin/../lib/gcc/arm-none-eabi/4.9.3/../../../../arm-none-eabi/lib/armv7e-m\libc.a(lib_a-fini.o)
                              c:/program files/gnu tools arm embedded/4.9 2015q1/bin/../lib/gcc/arm-none-eabi/4.9.3/../../../../arm-none-eabi/lib/armv7e-m\libc.a(lib_a-__call_atexit.o) (__libc_fini_array)
c:/program files/gnu tools arm embedded/4.9 2015q1/bin/../lib/gcc/arm-none-eabi/4.9.3/../../../../arm-none-eabi/lib/armv7e-m\libc.a(lib_a-__atexit.o)
                              c:/program files/gnu tools arm embedded/4.9 2015q1/bin/../lib/gcc/arm-none-eabi/4.9.3/../../../../arm-none-eabi/lib/armv7e-m\libc.a(lib_a-atexit.o) (__register_exitproc)

Allocating common symbols
Common symbol       size              file

mainQueue           0x4               ..\obj\Task.o
taskTwoTcb          0x8               ..\obj\Task.o
readyQueue          0x4               ..\obj\Task.o
taskOneTcb          0x8               ..\obj\Task.o
mainTcb             0x8               ..\obj\Task.o
taskOneStack        0x404             ..\obj\Task.o

Discarded input sections

 .text          0x00000000        0x0 c:/program files/gnu tools arm embedded/4.9 2015q1/bin/../lib/gcc/arm-none-eabi/4.9.3/armv7e-m/crti.o
 .data          0x00000000        0x0 c:/program files/gnu tools arm embedded/4.9 2015q1/bin/../lib/gcc/arm-none-eabi/4.9.3/armv7e-m/crti.o
 .bss           0x00000000        0x0 c:/program files/gnu tools arm embedded/4.9 2015q1/bin/../lib/gcc/arm-none-eabi/4.9.3/armv7e-m/crti.o
 .data          0x00000000        0x4 c:/program files/gnu tools arm embedded/4.9 2015q1/bin/../lib/gcc/arm-none-eabi/4.9.3/armv7e-m/crtbegin.o
 .text          0x00000000       0x74 c:/program files/gnu tools arm embedded/4.9 2015q1/bin/../lib/gcc/arm-none-eabi/4.9.3/../../../../arm-none-eabi/lib/armv7e-m/crt0.o
 .data          0x00000000        0x0 c:/program files/gnu tools arm embedded/4.9 2015q1/bin/../lib/gcc/arm-none-eabi/4.9.3/../../../../arm-none-eabi/lib/armv7e-m/crt0.o
 .bss           0x00000000        0x0 c:/program files/gnu tools arm embedded/4.9 2015q1/bin/../lib/gcc/arm-none-eabi/4.9.3/../../../../arm-none-eabi/lib/armv7e-m/crt0.o
 .ARM.extab     0x00000000        0x0 c:/program files/gnu tools arm embedded/4.9 2015q1/bin/../lib/gcc/arm-none-eabi/4.9.3/../../../../arm-none-eabi/lib/armv7e-m/crt0.o
 .ARM.exidx     0x00000000        0x8 c:/program files/gnu tools arm embedded/4.9 2015q1/bin/../lib/gcc/arm-none-eabi/4.9.3/../../../../arm-none-eabi/lib/armv7e-m/crt0.o
 .ARM.attributes
                0x00000000       0x1c c:/program files/gnu tools arm embedded/4.9 2015q1/bin/../lib/gcc/arm-none-eabi/4.9.3/../../../../arm-none-eabi/lib/armv7e-m/crt0.o
 .text          0x00000000        0x0 c:/program files/gnu tools arm embedded/4.9 2015q1/bin/../lib/gcc/arm-none-eabi/4.9.3/../../../../arm-none-eabi/lib/armv7e-m\libc.a(lib_a-exit.o)
 .data          0x00000000        0x0 c:/program files/gnu tools arm embedded/4.9 2015q1/bin/../lib/gcc/arm-none-eabi/4.9.3/../../../../arm-none-eabi/lib/armv7e-m\libc.a(lib_a-exit.o)
 .bss           0x00000000        0x0 c:/program files/gnu tools arm embedded/4.9 2015q1/bin/../lib/gcc/arm-none-eabi/4.9.3/../../../../arm-none-eabi/lib/armv7e-m\libc.a(lib_a-exit.o)
 .text.exit     0x00000000       0x20 c:/program files/gnu tools arm embedded/4.9 2015q1/bin/../lib/gcc/arm-none-eabi/4.9.3/../../../../arm-none-eabi/lib/armv7e-m\libc.a(lib_a-exit.o)
 .debug_frame   0x00000000       0x28 c:/program files/gnu tools arm embedded/4.9 2015q1/bin/../lib/gcc/arm-none-eabi/4.9.3/../../../../arm-none-eabi/lib/armv7e-m\libc.a(lib_a-exit.o)
 .ARM.attributes
                0x00000000       0x2e c:/program files/gnu tools arm embedded/4.9 2015q1/bin/../lib/gcc/arm-none-eabi/4.9.3/../../../../arm-none-eabi/lib/armv7e-m\libc.a(lib_a-exit.o)
 .text          0x00000000        0x0 c:/program files/gnu tools arm embedded/4.9 2015q1/bin/../lib/gcc/arm-none-eabi/4.9.3/../../../../arm-none-eabi/lib/armv7e-m\libc.a(lib_a-impure.o)
 .data          0x00000000        0x0 c:/program files/gnu tools arm embedded/4.9 2015q1/bin/../lib/gcc/arm-none-eabi/4.9.3/../../../../arm-none-eabi/lib/armv7e-m\libc.a(lib_a-impure.o)
 .bss           0x00000000        0x0 c:/program files/gnu tools arm embedded/4.9 2015q1/bin/../lib/gcc/arm-none-eabi/4.9.3/../../../../arm-none-eabi/lib/armv7e-m\libc.a(lib_a-impure.o)
 .data._impure_ptr
                0x00000000        0x4 c:/program files/gnu tools arm embedded/4.9 2015q1/bin/../lib/gcc/arm-none-eabi/4.9.3/../../../../arm-none-eabi/lib/armv7e-m\libc.a(lib_a-impure.o)
 .ARM.attributes
                0x00000000       0x2e c:/program files/gnu tools arm embedded/4.9 2015q1/bin/../lib/gcc/arm-none-eabi/4.9.3/../../../../arm-none-eabi/lib/armv7e-m\libc.a(lib_a-impure.o)
 .text          0x00000000        0x0 c:/program files/gnu tools arm embedded/4.9 2015q1/bin/../lib/gcc/arm-none-eabi/4.9.3/../../../../arm-none-eabi/lib/armv7e-m\libc.a(lib_a-init.o)
 .data          0x00000000        0x0 c:/program files/gnu tools arm embedded/4.9 2015q1/bin/../lib/gcc/arm-none-eabi/4.9.3/../../../../arm-none-eabi/lib/armv7e-m\libc.a(lib_a-init.o)
 .bss           0x00000000        0x0 c:/program files/gnu tools arm embedded/4.9 2015q1/bin/../lib/gcc/arm-none-eabi/4.9.3/../../../../arm-none-eabi/lib/armv7e-m\libc.a(lib_a-init.o)
 .debug_frame   0x00000000       0x2c c:/program files/gnu tools arm embedded/4.9 2015q1/bin/../lib/gcc/arm-none-eabi/4.9.3/../../../../arm-none-eabi/lib/armv7e-m\libc.a(lib_a-init.o)
 .ARM.attributes
                0x00000000       0x2e c:/program files/gnu tools arm embedded/4.9 2015q1/bin/../lib/gcc/arm-none-eabi/4.9.3/../../../../arm-none-eabi/lib/armv7e-m\libc.a(lib_a-init.o)
 .text          0x00000000        0x0 c:/program files/gnu tools arm embedded/4.9 2015q1/bin/../lib/gcc/arm-none-eabi/4.9.3/../../../../arm-none-eabi/lib/armv7e-m\libc.a(lib_a-memset.o)
 .data          0x00000000        0x0 c:/program files/gnu tools arm embedded/4.9 2015q1/bin/../lib/gcc/arm-none-eabi/4.9.3/../../../../arm-none-eabi/lib/armv7e-m\libc.a(lib_a-memset.o)
 .bss           0x00000000        0x0 c:/program files/gnu tools arm embedded/4.9 2015q1/bin/../lib/gcc/arm-none-eabi/4.9.3/../../../../arm-none-eabi/lib/armv7e-m\libc.a(lib_a-memset.o)
 .text.memset   0x00000000       0x9c c:/program files/gnu tools arm embedded/4.9 2015q1/bin/../lib/gcc/arm-none-eabi/4.9.3/../../../../arm-none-eabi/lib/armv7e-m\libc.a(lib_a-memset.o)
 .debug_frame   0x00000000       0x34 c:/program files/gnu tools arm embedded/4.9 2015q1/bin/../lib/gcc/arm-none-eabi/4.9.3/../../../../arm-none-eabi/lib/armv7e-m\libc.a(lib_a-memset.o)
 .ARM.attributes
                0x00000000       0x2e c:/program files/gnu tools arm embedded/4.9 2015q1/bin/../lib/gcc/arm-none-eabi/4.9.3/../../../../arm-none-eabi/lib/armv7e-m\libc.a(lib_a-memset.o)
 .text          0x00000000        0x0 c:/program files/gnu tools arm embedded/4.9 2015q1/bin/../lib/gcc/arm-none-eabi/4.9.3/../../../../arm-none-eabi/lib/armv7e-m\libc.a(lib_a-__call_atexit.o)
 .data          0x00000000        0x0 c:/program files/gnu tools arm embedded/4.9 2015q1/bin/../lib/gcc/arm-none-eabi/4.9.3/../../../../arm-none-eabi/lib/armv7e-m\libc.a(lib_a-__call_atexit.o)
 .bss           0x00000000        0x0 c:/program files/gnu tools arm embedded/4.9 2015q1/bin/../lib/gcc/arm-none-eabi/4.9.3/../../../../arm-none-eabi/lib/armv7e-m\libc.a(lib_a-__call_atexit.o)
 .text.__call_exitprocs
                0x00000000       0xd4 c:/program files/gnu tools arm embedded/4.9 2015q1/bin/../lib/gcc/arm-none-eabi/4.9.3/../../../../arm-none-eabi/lib/armv7e-m\libc.a(lib_a-__call_atexit.o)
 .debug_frame   0x00000000       0x50 c:/program files/gnu tools arm embedded/4.9 2015q1/bin/../lib/gcc/arm-none-eabi/4.9.3/../../../../arm-none-eabi/lib/armv7e-m\libc.a(lib_a-__call_atexit.o)
 .ARM.attributes
                0x00000000       0x2e c:/program files/gnu tools arm embedded/4.9 2015q1/bin/../lib/gcc/arm-none-eabi/4.9.3/../../../../arm-none-eabi/lib/armv7e-m\libc.a(lib_a-__call_atexit.o)
 .text          0x00000000        0x0 c:/program files/gnu tools arm embedded/4.9 2015q1/bin/../lib/gcc/arm-none-eabi/4.9.3/../../../../arm-none-eabi/lib/armv7e-m\libc.a(lib_a-atexit.o)
 .data          0x00000000        0x0 c:/program files/gnu tools arm embedded/4.9 2015q1/bin/../lib/gcc/arm-none-eabi/4.9.3/../../../../arm-none-eabi/lib/armv7e-m\libc.a(lib_a-atexit.o)
 .bss           0x00000000        0x0 c:/program files/gnu tools arm embedded/4.9 2015q1/bin/../lib/gcc/arm-none-eabi/4.9.3/../../../../arm-none-eabi/lib/armv7e-m\libc.a(lib_a-atexit.o)
 .debug_frame   0x00000000       0x20 c:/program files/gnu tools arm embedded/4.9 2015q1/bin/../lib/gcc/arm-none-eabi/4.9.3/../../../../arm-none-eabi/lib/armv7e-m\libc.a(lib_a-atexit.o)
 .ARM.attributes
                0x00000000       0x2e c:/program files/gnu tools arm embedded/4.9 2015q1/bin/../lib/gcc/arm-none-eabi/4.9.3/../../../../arm-none-eabi/lib/armv7e-m\libc.a(lib_a-atexit.o)
 .text          0x00000000        0x0 c:/program files/gnu tools arm embedded/4.9 2015q1/bin/../lib/gcc/arm-none-eabi/4.9.3/../../../../arm-none-eabi/lib/armv7e-m\libc.a(lib_a-fini.o)
 .data          0x00000000        0x0 c:/program files/gnu tools arm embedded/4.9 2015q1/bin/../lib/gcc/arm-none-eabi/4.9.3/../../../../arm-none-eabi/lib/armv7e-m\libc.a(lib_a-fini.o)
 .bss           0x00000000        0x0 c:/program files/gnu tools arm embedded/4.9 2015q1/bin/../lib/gcc/arm-none-eabi/4.9.3/../../../../arm-none-eabi/lib/armv7e-m\libc.a(lib_a-fini.o)
 .debug_frame   0x00000000       0x34 c:/program files/gnu tools arm embedded/4.9 2015q1/bin/../lib/gcc/arm-none-eabi/4.9.3/../../../../arm-none-eabi/lib/armv7e-m\libc.a(lib_a-fini.o)
 .ARM.attributes
                0x00000000       0x2e c:/program files/gnu tools arm embedded/4.9 2015q1/bin/../lib/gcc/arm-none-eabi/4.9.3/../../../../arm-none-eabi/lib/armv7e-m\libc.a(lib_a-fini.o)
 .text          0x00000000        0x0 c:/program files/gnu tools arm embedded/4.9 2015q1/bin/../lib/gcc/arm-none-eabi/4.9.3/../../../../arm-none-eabi/lib/armv7e-m\libc.a(lib_a-__atexit.o)
 .data          0x00000000        0x0 c:/program files/gnu tools arm embedded/4.9 2015q1/bin/../lib/gcc/arm-none-eabi/4.9.3/../../../../arm-none-eabi/lib/armv7e-m\libc.a(lib_a-__atexit.o)
 .bss           0x00000000        0x0 c:/program files/gnu tools arm embedded/4.9 2015q1/bin/../lib/gcc/arm-none-eabi/4.9.3/../../../../arm-none-eabi/lib/armv7e-m\libc.a(lib_a-__atexit.o)
 .debug_frame   0x00000000       0x34 c:/program files/gnu tools arm embedded/4.9 2015q1/bin/../lib/gcc/arm-none-eabi/4.9.3/../../../../arm-none-eabi/lib/armv7e-m\libc.a(lib_a-__atexit.o)
 .ARM.attributes
                0x00000000       0x2e c:/program files/gnu tools arm embedded/4.9 2015q1/bin/../lib/gcc/arm-none-eabi/4.9.3/../../../../arm-none-eabi/lib/armv7e-m\libc.a(lib_a-__atexit.o)
 .text          0x00000000        0x0 ..\obj\assembly.o
 .data          0x00000000        0x0 ..\obj\assembly.o
 .bss           0x00000000        0x0 ..\obj\assembly.o
 .text.testFunc
                0x00000000        0x0 ..\obj\assembly.o
 .ARM.attributes
                0x00000000       0x21 ..\obj\assembly.o
 .bss           0x00000000        0x0 ..\obj\Task.o
 .text          0x00000000       0xe0 ..\obj\sd_LED2.o
 .data          0x00000000        0x0 ..\obj\sd_LED2.o
 .bss           0x00000000        0x8 ..\obj\sd_LED2.o
 .debug_info    0x00000000      0x1f3 ..\obj\sd_LED2.o
 .debug_abbrev  0x00000000       0xd6 ..\obj\sd_LED2.o
 .debug_aranges
                0x00000000       0x20 ..\obj\sd_LED2.o
 .debug_line    0x00000000      0x282 ..\obj\sd_LED2.o
 .debug_str     0x00000000      0x240 ..\obj\sd_LED2.o
 .comment       0x00000000       0x71 ..\obj\sd_LED2.o
 .debug_frame   0x00000000       0x34 ..\obj\sd_LED2.o
 .ARM.attributes
                0x00000000       0x33 ..\obj\sd_LED2.o
 .text          0x00000000      0x544 ..\obj\stm32f4xx_hal_cortex.o
 .data          0x00000000        0x0 ..\obj\stm32f4xx_hal_cortex.o
 .bss           0x00000000        0x0 ..\obj\stm32f4xx_hal_cortex.o
 .debug_info    0x00000000      0xbac ..\obj\stm32f4xx_hal_cortex.o
 .debug_abbrev  0x00000000      0x299 ..\obj\stm32f4xx_hal_cortex.o
 .debug_aranges
                0x00000000       0x20 ..\obj\stm32f4xx_hal_cortex.o
 .debug_line    0x00000000      0x363 ..\obj\stm32f4xx_hal_cortex.o
 .debug_str     0x00000000      0xb41 ..\obj\stm32f4xx_hal_cortex.o
 .comment       0x00000000       0x71 ..\obj\stm32f4xx_hal_cortex.o
 .debug_frame   0x00000000      0x428 ..\obj\stm32f4xx_hal_cortex.o
 .ARM.attributes
                0x00000000       0x33 ..\obj\stm32f4xx_hal_cortex.o
 .text          0x00000000        0x0 ..\obj\Scheduler.o
 .data          0x00000000        0x0 ..\obj\Scheduler.o
 .bss           0x00000000        0x0 ..\obj\Scheduler.o
 .text          0x00000000       0x4c ..\obj\initButton.o
 .data          0x00000000        0x0 ..\obj\initButton.o
 .bss           0x00000000        0x0 ..\obj\initButton.o
 .debug_info    0x00000000      0x3b3 ..\obj\initButton.o
 .debug_abbrev  0x00000000       0xf4 ..\obj\initButton.o
 .debug_aranges
                0x00000000       0x20 ..\obj\initButton.o
 .debug_line    0x00000000      0x26c ..\obj\initButton.o
 .debug_str     0x00000000      0x342 ..\obj\initButton.o
 .comment       0x00000000       0x71 ..\obj\initButton.o
 .debug_frame   0x00000000       0x34 ..\obj\initButton.o
 .ARM.attributes
                0x00000000       0x33 ..\obj\initButton.o
 .text          0x00000000       0xbc ..\obj\sd_LED1.o
 .data          0x00000000        0x0 ..\obj\sd_LED1.o
 .bss           0x00000000        0x8 ..\obj\sd_LED1.o
 .debug_info    0x00000000      0x1e5 ..\obj\sd_LED1.o
 .debug_abbrev  0x00000000       0xd6 ..\obj\sd_LED1.o
 .debug_aranges
                0x00000000       0x20 ..\obj\sd_LED1.o
 .debug_line    0x00000000      0x27f ..\obj\sd_LED1.o
 .debug_str     0x00000000      0x23a ..\obj\sd_LED1.o
 .comment       0x00000000       0x71 ..\obj\sd_LED1.o
 .debug_frame   0x00000000       0x2c ..\obj\sd_LED1.o
 .ARM.attributes
                0x00000000       0x33 ..\obj\sd_LED1.o
 .text          0x00000000      0x130 ..\obj\initLED.o
 .data          0x00000000        0x0 ..\obj\initLED.o
 .bss           0x00000000        0x0 ..\obj\initLED.o
 .debug_info    0x00000000      0x467 ..\obj\initLED.o
 .debug_abbrev  0x00000000       0xf4 ..\obj\initLED.o
 .debug_aranges
                0x00000000       0x20 ..\obj\initLED.o
 .debug_line    0x00000000      0x284 ..\obj\initLED.o
 .debug_str     0x00000000      0x353 ..\obj\initLED.o
 .comment       0x00000000       0x71 ..\obj\initLED.o
 .debug_frame   0x00000000       0xa0 ..\obj\initLED.o
 .ARM.attributes
                0x00000000       0x33 ..\obj\initLED.o
 .bss           0x00000000        0x0 ..\obj\system_stm32f4xx.o
 .text          0x00000000      0x368 ..\obj\stm32f4xx_hal.o
 .data          0x00000000        0x0 ..\obj\stm32f4xx_hal.o
 .bss           0x00000000        0x4 ..\obj\stm32f4xx_hal.o
 .debug_info    0x00000000      0xa1c ..\obj\stm32f4xx_hal.o
 .debug_abbrev  0x00000000      0x1ff ..\obj\stm32f4xx_hal.o
 .debug_aranges
                0x00000000       0x20 ..\obj\stm32f4xx_hal.o
 .debug_line    0x00000000      0x36a ..\obj\stm32f4xx_hal.o
 .debug_str     0x00000000      0xb06 ..\obj\stm32f4xx_hal.o
 .comment       0x00000000       0x71 ..\obj\stm32f4xx_hal.o
 .debug_frame   0x00000000      0x310 ..\obj\stm32f4xx_hal.o
 .ARM.attributes
                0x00000000       0x33 ..\obj\stm32f4xx_hal.o
 .data          0x00000000        0x0 ..\obj\stm32f4xx_it.o
 .bss           0x00000000        0x0 ..\obj\stm32f4xx_it.o
 .text          0x00000000       0xfc ..\obj\sd_LED3.o
 .data          0x00000000        0x0 ..\obj\sd_LED3.o
 .bss           0x00000000       0x10 ..\obj\sd_LED3.o
 .debug_info    0x00000000      0x207 ..\obj\sd_LED3.o
 .debug_abbrev  0x00000000       0xd6 ..\obj\sd_LED3.o
 .debug_aranges
                0x00000000       0x20 ..\obj\sd_LED3.o
 .debug_line    0x00000000      0x28f ..\obj\sd_LED3.o
 .debug_str     0x00000000      0x250 ..\obj\sd_LED3.o
 .comment       0x00000000       0x71 ..\obj\sd_LED3.o
 .debug_frame   0x00000000       0x2c ..\obj\sd_LED3.o
 .ARM.attributes
                0x00000000       0x33 ..\obj\sd_LED3.o
 .text          0x00000000      0x674 ..\obj\stm32f4xx_hal_gpio.o
 .data          0x00000000        0x0 ..\obj\stm32f4xx_hal_gpio.o
 .bss           0x00000000        0x0 ..\obj\stm32f4xx_hal_gpio.o
 .debug_info    0x00000000      0x712 ..\obj\stm32f4xx_hal_gpio.o
 .debug_abbrev  0x00000000      0x1aa ..\obj\stm32f4xx_hal_gpio.o
 .debug_aranges
                0x00000000       0x20 ..\obj\stm32f4xx_hal_gpio.o
 .debug_line    0x00000000      0x461 ..\obj\stm32f4xx_hal_gpio.o
 .debug_str     0x00000000      0x505 ..\obj\stm32f4xx_hal_gpio.o
 .comment       0x00000000       0x71 ..\obj\stm32f4xx_hal_gpio.o
 .debug_frame   0x00000000      0x14c ..\obj\stm32f4xx_hal_gpio.o
 .ARM.attributes
                0x00000000       0x33 ..\obj\stm32f4xx_hal_gpio.o
 .text          0x00000000      0xd74 ..\obj\stm32f4xx_hal_rcc.o
 .data          0x00000000        0x0 ..\obj\stm32f4xx_hal_rcc.o
 .bss           0x00000000        0x0 ..\obj\stm32f4xx_hal_rcc.o
 .rodata        0x00000000       0x10 ..\obj\stm32f4xx_hal_rcc.o
 .debug_info    0x00000000      0xe27 ..\obj\stm32f4xx_hal_rcc.o
 .debug_abbrev  0x00000000      0x25a ..\obj\stm32f4xx_hal_rcc.o
 .debug_aranges
                0x00000000       0x20 ..\obj\stm32f4xx_hal_rcc.o
 .debug_line    0x00000000      0x5c6 ..\obj\stm32f4xx_hal_rcc.o
 .debug_str     0x00000000      0x6bf ..\obj\stm32f4xx_hal_rcc.o
 .comment       0x00000000       0x71 ..\obj\stm32f4xx_hal_rcc.o
 .debug_frame   0x00000000      0x204 ..\obj\stm32f4xx_hal_rcc.o
 .ARM.attributes
                0x00000000       0x33 ..\obj\stm32f4xx_hal_rcc.o
 .text          0x00000000        0x0 ..\obj\addLinkList.o
 .data          0x00000000        0x0 ..\obj\addLinkList.o
 .bss           0x00000000        0x0 ..\obj\addLinkList.o
 .debug_line    0x00000000        0x0 ..\obj\addLinkList.o
 .debug_str     0x00000000       0xa4 ..\obj\addLinkList.o
 .comment       0x00000000       0x71 ..\obj\addLinkList.o
 .ARM.attributes
                0x00000000       0x33 ..\obj\addLinkList.o
 .text          0x00000000       0x14 ..\obj\startup_stm32f429xx.o
 .data          0x00000000        0x0 ..\obj\startup_stm32f429xx.o
 .bss           0x00000000        0x0 ..\obj\startup_stm32f429xx.o
 .text          0x00000000        0x0 ..\obj\removeLinkList.o
 .data          0x00000000        0x0 ..\obj\removeLinkList.o
 .bss           0x00000000        0x0 ..\obj\removeLinkList.o
 .debug_line    0x00000000        0x0 ..\obj\removeLinkList.o
 .debug_str     0x00000000       0xa7 ..\obj\removeLinkList.o
 .comment       0x00000000       0x71 ..\obj\removeLinkList.o
 .ARM.attributes
                0x00000000       0x33 ..\obj\removeLinkList.o
 .text          0x00000000       0x84 ..\obj\delay.o
 .data          0x00000000        0x0 ..\obj\delay.o
 .bss           0x00000000        0x8 ..\obj\delay.o
 .debug_info    0x00000000      0x13e ..\obj\delay.o
 .debug_abbrev  0x00000000       0xcc ..\obj\delay.o
 .debug_aranges
                0x00000000       0x20 ..\obj\delay.o
 .debug_line    0x00000000      0x186 ..\obj\delay.o
 .debug_str     0x00000000      0x1ea ..\obj\delay.o
 .comment       0x00000000       0x71 ..\obj\delay.o
 .debug_frame   0x00000000       0x70 ..\obj\delay.o
 .ARM.attributes
                0x00000000       0x33 ..\obj\delay.o
 .data          0x00000000        0x0 ..\obj\main.o
 .bss           0x00000000        0x0 ..\obj\main.o
 .text          0x00000000        0x0 c:/program files/gnu tools arm embedded/4.9 2015q1/bin/../lib/gcc/arm-none-eabi/4.9.3/armv7e-m/crtend.o
 .data          0x00000000        0x0 c:/program files/gnu tools arm embedded/4.9 2015q1/bin/../lib/gcc/arm-none-eabi/4.9.3/armv7e-m/crtend.o
 .bss           0x00000000        0x0 c:/program files/gnu tools arm embedded/4.9 2015q1/bin/../lib/gcc/arm-none-eabi/4.9.3/armv7e-m/crtend.o
 .eh_frame      0x00000000        0x4 c:/program files/gnu tools arm embedded/4.9 2015q1/bin/../lib/gcc/arm-none-eabi/4.9.3/armv7e-m/crtend.o
 .jcr           0x00000000        0x4 c:/program files/gnu tools arm embedded/4.9 2015q1/bin/../lib/gcc/arm-none-eabi/4.9.3/armv7e-m/crtend.o
 .ARM.attributes
                0x00000000       0x2e c:/program files/gnu tools arm embedded/4.9 2015q1/bin/../lib/gcc/arm-none-eabi/4.9.3/armv7e-m/crtend.o
 .text          0x00000000        0x0 c:/program files/gnu tools arm embedded/4.9 2015q1/bin/../lib/gcc/arm-none-eabi/4.9.3/armv7e-m/crtn.o
 .data          0x00000000        0x0 c:/program files/gnu tools arm embedded/4.9 2015q1/bin/../lib/gcc/arm-none-eabi/4.9.3/armv7e-m/crtn.o
 .bss           0x00000000        0x0 c:/program files/gnu tools arm embedded/4.9 2015q1/bin/../lib/gcc/arm-none-eabi/4.9.3/armv7e-m/crtn.o

Memory Configuration

Name             Origin             Length             Attributes
FLASH            0x08000000         0x00100000         xr
RAM              0x20000000         0x00020000         xrw
CCMRAM           0x10000000         0x00010000         rw
*default*        0x00000000         0xffffffff

Linker script and memory map

LOAD c:/program files/gnu tools arm embedded/4.9 2015q1/bin/../lib/gcc/arm-none-eabi/4.9.3/armv7e-m/crti.o
LOAD c:/program files/gnu tools arm embedded/4.9 2015q1/bin/../lib/gcc/arm-none-eabi/4.9.3/armv7e-m/crtbegin.o
LOAD c:/program files/gnu tools arm embedded/4.9 2015q1/bin/../lib/gcc/arm-none-eabi/4.9.3/../../../../arm-none-eabi/lib/armv7e-m/crt0.o
                0x2001ffff                _estack = 0x2001ffff
                0x00000200                _Min_Heap_Size = 0x200
                0x00000400                _Min_Stack_Size = 0x400

.isr_vector     0x08000000      0x1ac
                0x08000000                . = ALIGN (0x4)
 *(.isr_vector)
 .isr_vector    0x08000000      0x1ac ..\obj\startup_stm32f429xx.o
                0x08000000                g_pfnVectors
                0x080001ac                . = ALIGN (0x4)

.text           0x08000200      0x76c
                0x08000200                . = ALIGN (0x4)
 *(.text)
 .text          0x08000200       0x5c c:/program files/gnu tools arm embedded/4.9 2015q1/bin/../lib/gcc/arm-none-eabi/4.9.3/armv7e-m/crtbegin.o
 .text          0x0800025c      0x114 ..\obj\Task.o
                0x0800025c                taskOne
                0x08000264                InitTcb
 .text          0x08000370      0x154 ..\obj\system_stm32f4xx.o
                0x08000370                SystemInit
                0x080003cc                SystemCoreClockUpdate
 .text          0x080004c4       0x50 ..\obj\stm32f4xx_it.o
                0x080004c4                NMI_Handler
                0x080004d0                HardFault_Handler
                0x080004d8                MemManage_Handler
                0x080004e0                BusFault_Handler
                0x080004e8                UsageFault_Handler
                0x080004f0                SVC_Handler
                0x080004fc                DebugMon_Handler
                0x08000508                PendSV_Handler
 .text          0x08000514       0xd0 ..\obj\main.o
                0x080005ac                initSysTick
                0x080005d4                main
 *(.text*)
 .text.__libc_init_array
                0x080005e4       0x50 c:/program files/gnu tools arm embedded/4.9 2015q1/bin/../lib/gcc/arm-none-eabi/4.9.3/../../../../arm-none-eabi/lib/armv7e-m\libc.a(lib_a-init.o)
                0x080005e4                __libc_init_array
 .text.startup.register_fini
                0x08000634       0x14 c:/program files/gnu tools arm embedded/4.9 2015q1/bin/../lib/gcc/arm-none-eabi/4.9.3/../../../../arm-none-eabi/lib/armv7e-m\libc.a(lib_a-__call_atexit.o)
 .text.atexit   0x08000648        0xc c:/program files/gnu tools arm embedded/4.9 2015q1/bin/../lib/gcc/arm-none-eabi/4.9.3/../../../../arm-none-eabi/lib/armv7e-m\libc.a(lib_a-atexit.o)
                0x08000648                atexit
 .text.__libc_fini_array
                0x08000654       0x2c c:/program files/gnu tools arm embedded/4.9 2015q1/bin/../lib/gcc/arm-none-eabi/4.9.3/../../../../arm-none-eabi/lib/armv7e-m\libc.a(lib_a-fini.o)
                0x08000654                __libc_fini_array
 .text.__register_exitproc
                0x08000680       0xa4 c:/program files/gnu tools arm embedded/4.9 2015q1/bin/../lib/gcc/arm-none-eabi/4.9.3/../../../../arm-none-eabi/lib/armv7e-m\libc.a(lib_a-__atexit.o)
                0x08000680                __register_exitproc
 *fill*         0x08000724       0xdc 
 .text.taskSwitch
                0x08000800      0x100 ..\obj\Scheduler.o
                0x08000800                SysTick_Handler
 .text.Reset_Handler
                0x08000900       0x50 ..\obj\startup_stm32f429xx.o
                0x08000900                Reset_Handler
 .text.Default_Handler
                0x08000950        0x2 ..\obj\startup_stm32f429xx.o
                0x08000950                RTC_Alarm_IRQHandler
                0x08000950                HASH_RNG_IRQHandler
                0x08000950                EXTI2_IRQHandler
                0x08000950                TIM8_CC_IRQHandler
                0x08000950                UART8_IRQHandler
                0x08000950                SPI4_IRQHandler
                0x08000950                TIM1_CC_IRQHandler
                0x08000950                DMA2_Stream5_IRQHandler
                0x08000950                DMA1_Stream5_IRQHandler
                0x08000950                PVD_IRQHandler
                0x08000950                SDIO_IRQHandler
                0x08000950                TAMP_STAMP_IRQHandler
                0x08000950                CAN2_RX1_IRQHandler
                0x08000950                EXTI3_IRQHandler
                0x08000950                TIM8_TRG_COM_TIM14_IRQHandler
                0x08000950                TIM1_UP_TIM10_IRQHandler
                0x08000950                TIM8_UP_TIM13_IRQHandler
                0x08000950                I2C3_ER_IRQHandler
                0x08000950                EXTI0_IRQHandler
                0x08000950                I2C2_EV_IRQHandler
                0x08000950                DMA1_Stream2_IRQHandler
                0x08000950                CAN1_RX0_IRQHandler
                0x08000950                FPU_IRQHandler
                0x08000950                OTG_HS_WKUP_IRQHandler
                0x08000950                LTDC_ER_IRQHandler
                0x08000950                CAN2_SCE_IRQHandler
                0x08000950                DMA2_Stream2_IRQHandler
                0x08000950                SPI1_IRQHandler
                0x08000950                TIM6_DAC_IRQHandler
                0x08000950                TIM1_BRK_TIM9_IRQHandler
                0x08000950                DCMI_IRQHandler
                0x08000950                CAN2_RX0_IRQHandler
                0x08000950                DMA2_Stream3_IRQHandler
                0x08000950                USART6_IRQHandler
                0x08000950                USART3_IRQHandler
                0x08000950                CAN1_RX1_IRQHandler
                0x08000950                UART5_IRQHandler
                0x08000950                DMA2_Stream0_IRQHandler
                0x08000950                TIM4_IRQHandler
                0x08000950                I2C1_EV_IRQHandler
                0x08000950                DMA1_Stream6_IRQHandler
                0x08000950                DMA1_Stream1_IRQHandler
                0x08000950                UART4_IRQHandler
                0x08000950                TIM3_IRQHandler
                0x08000950                RCC_IRQHandler
                0x08000950                TIM8_BRK_TIM12_IRQHandler
                0x08000950                Default_Handler
                0x08000950                EXTI15_10_IRQHandler
                0x08000950                ADC_IRQHandler
                0x08000950                DMA1_Stream7_IRQHandler
                0x08000950                SPI5_IRQHandler
                0x08000950                TIM7_IRQHandler
                0x08000950                CAN2_TX_IRQHandler
                0x08000950                TIM5_IRQHandler
                0x08000950                DMA2_Stream7_IRQHandler
                0x08000950                I2C3_EV_IRQHandler
                0x08000950                EXTI9_5_IRQHandler
                0x08000950                RTC_WKUP_IRQHandler
                0x08000950                LTDC_IRQHandler
                0x08000950                ETH_WKUP_IRQHandler
                0x08000950                SPI2_IRQHandler
                0x08000950                OTG_HS_EP1_IN_IRQHandler
                0x08000950                DMA1_Stream0_IRQHandler
                0x08000950                CAN1_TX_IRQHandler
                0x08000950                EXTI4_IRQHandler
                0x08000950                ETH_IRQHandler
                0x08000950                OTG_HS_EP1_OUT_IRQHandler
                0x08000950                WWDG_IRQHandler
                0x08000950                SPI6_IRQHandler
                0x08000950                TIM2_IRQHandler
                0x08000950                OTG_FS_WKUP_IRQHandler
                0x08000950                TIM1_TRG_COM_TIM11_IRQHandler
                0x08000950                OTG_HS_IRQHandler
                0x08000950                DMA2D_IRQHandler
                0x08000950                EXTI1_IRQHandler
                0x08000950                UART7_IRQHandler
                0x08000950                USART2_IRQHandler
                0x08000950                I2C2_ER_IRQHandler
                0x08000950                DMA2_Stream1_IRQHandler
                0x08000950                CAN1_SCE_IRQHandler
                0x08000950                FLASH_IRQHandler
                0x08000950                DMA2_Stream4_IRQHandler
                0x08000950                USART1_IRQHandler
                0x08000950                OTG_FS_IRQHandler
                0x08000950                SPI3_IRQHandler
                0x08000950                DMA1_Stream4_IRQHandler
                0x08000950                I2C1_ER_IRQHandler
                0x08000950                FMC_IRQHandler
                0x08000950                DMA2_Stream6_IRQHandler
                0x08000950                SAI1_IRQHandler
                0x08000950                DMA1_Stream3_IRQHandler
 *(.glue_7)
 .glue_7        0x00000000        0x0 linker stubs
 *(.glue_7t)
 .glue_7t       0x00000000        0x0 linker stubs
 *(.eh_frame)
 *fill*         0x08000952        0x2 
 .eh_frame      0x08000954        0x0 c:/program files/gnu tools arm embedded/4.9 2015q1/bin/../lib/gcc/arm-none-eabi/4.9.3/armv7e-m/crtbegin.o
 *(.init)
 .init          0x08000954        0x4 c:/program files/gnu tools arm embedded/4.9 2015q1/bin/../lib/gcc/arm-none-eabi/4.9.3/armv7e-m/crti.o
                0x08000954                _init
 .init          0x08000958        0x8 c:/program files/gnu tools arm embedded/4.9 2015q1/bin/../lib/gcc/arm-none-eabi/4.9.3/armv7e-m/crtn.o
 *(.fini)
 .fini          0x08000960        0x4 c:/program files/gnu tools arm embedded/4.9 2015q1/bin/../lib/gcc/arm-none-eabi/4.9.3/armv7e-m/crti.o
                0x08000960                _fini
 .fini          0x08000964        0x8 c:/program files/gnu tools arm embedded/4.9 2015q1/bin/../lib/gcc/arm-none-eabi/4.9.3/armv7e-m/crtn.o
                0x0800096c                . = ALIGN (0x4)
                0x0800096c                _etext = .

.vfp11_veneer   0x0800096c        0x0
 .vfp11_veneer  0x00000000        0x0 linker stubs

.v4_bx          0x0800096c        0x0
 .v4_bx         0x00000000        0x0 linker stubs

.iplt           0x0800096c        0x0
 .iplt          0x00000000        0x0 c:/program files/gnu tools arm embedded/4.9 2015q1/bin/../lib/gcc/arm-none-eabi/4.9.3/armv7e-m/crtbegin.o

.rodata         0x0800096c       0x20
                0x0800096c                . = ALIGN (0x4)
 *(.rodata)
 .rodata        0x0800096c       0x18 ..\obj\Task.o
 *(.rodata*)
 .rodata.str1.4
                0x08000984        0x4 c:/program files/gnu tools arm embedded/4.9 2015q1/bin/../lib/gcc/arm-none-eabi/4.9.3/../../../../arm-none-eabi/lib/armv7e-m\libc.a(lib_a-impure.o)
 .rodata._global_impure_ptr
                0x08000988        0x4 c:/program files/gnu tools arm embedded/4.9 2015q1/bin/../lib/gcc/arm-none-eabi/4.9.3/../../../../arm-none-eabi/lib/armv7e-m\libc.a(lib_a-impure.o)
                0x08000988                _global_impure_ptr
                0x0800098c                . = ALIGN (0x4)

.rel.dyn        0x0800098c        0x0
 .rel.iplt      0x00000000        0x0 c:/program files/gnu tools arm embedded/4.9 2015q1/bin/../lib/gcc/arm-none-eabi/4.9.3/armv7e-m/crtbegin.o

.ARM.extab
 *(.ARM.extab* .gnu.linkonce.armextab.*)

.ARM            0x0800098c        0x0
                0x0800098c                __exidx_start = .
 *(.ARM.exidx*)
                0x0800098c                __exidx_end = .

.preinit_array  0x0800098c        0x0
                0x0800098c                PROVIDE (__preinit_array_start, .)
 *(.preinit_array*)
                0x0800098c                PROVIDE (__preinit_array_end, .)

.init_array     0x0800098c        0x8
                0x0800098c                PROVIDE (__init_array_start, .)
 *(SORT(.init_array.*))
 .init_array.00000
                0x0800098c        0x4 c:/program files/gnu tools arm embedded/4.9 2015q1/bin/../lib/gcc/arm-none-eabi/4.9.3/../../../../arm-none-eabi/lib/armv7e-m\libc.a(lib_a-__call_atexit.o)
 *(.init_array*)
 .init_array    0x08000990        0x4 c:/program files/gnu tools arm embedded/4.9 2015q1/bin/../lib/gcc/arm-none-eabi/4.9.3/armv7e-m/crtbegin.o
                0x08000994                PROVIDE (__init_array_end, .)

.fini_array     0x08000994        0x4
                0x08000994                PROVIDE (__fini_array_start, .)
 *(SORT(.fini_array.*))
 *(.fini_array*)
 .fini_array    0x08000994        0x4 c:/program files/gnu tools arm embedded/4.9 2015q1/bin/../lib/gcc/arm-none-eabi/4.9.3/armv7e-m/crtbegin.o
                0x08000998                PROVIDE (__fini_array_end, .)
                0x08000998                _sidata = LOADADDR (.data)

.data           0x20000000      0x440 load address 0x08000998
                0x20000000                . = ALIGN (0x4)
                0x20000000                _sdata = .
 *(.data)
 .data          0x20000000        0x4 ..\obj\Task.o
                0x20000000                cc
 .data          0x20000004       0x14 ..\obj\system_stm32f4xx.o
                0x20000004                SystemCoreClock
                0x20000008                AHBPrescTable
 *(.data*)
 .data.impure_data
                0x20000018      0x428 c:/program files/gnu tools arm embedded/4.9 2015q1/bin/../lib/gcc/arm-none-eabi/4.9.3/../../../../arm-none-eabi/lib/armv7e-m\libc.a(lib_a-impure.o)
                0x20000440                . = ALIGN (0x4)
                0x20000440                _edata = .
                0x08000dd8                _siccmram = LOADADDR (.ccmram)

.jcr            0x20000440        0x0 load address 0x08000dd8
 .jcr           0x20000440        0x0 c:/program files/gnu tools arm embedded/4.9 2015q1/bin/../lib/gcc/arm-none-eabi/4.9.3/armv7e-m/crtbegin.o

.igot.plt       0x20000440        0x0 load address 0x08000dd8
 .igot.plt      0x00000000        0x0 c:/program files/gnu tools arm embedded/4.9 2015q1/bin/../lib/gcc/arm-none-eabi/4.9.3/armv7e-m/crtbegin.o

.ccmram         0x10000000        0x0 load address 0x08000dd8
                0x10000000                . = ALIGN (0x4)
                0x10000000                _sccmram = .
 *(.ccmram)
 *(.ccmram*)
                0x10000000                . = ALIGN (0x4)
                0x10000000                _eccmram = .
                0x10000000                . = ALIGN (0x4)

.bss            0x20000440      0x440
                0x20000440                _sbss = .
                0x20000440                __bss_start__ = _sbss
 *(.bss)
 .bss           0x20000440       0x1c c:/program files/gnu tools arm embedded/4.9 2015q1/bin/../lib/gcc/arm-none-eabi/4.9.3/armv7e-m/crtbegin.o
 *(.bss*)
 *(COMMON)
 COMMON         0x2000045c      0x424 ..\obj\Task.o
                0x2000045c                mainQueue
                0x20000460                taskTwoTcb
                0x20000468                readyQueue
                0x2000046c                taskOneTcb
                0x20000474                mainTcb
                0x2000047c                taskOneStack
                0x20000880                . = ALIGN (0x4)
                0x20000880                _ebss = .
                0x20000880                __bss_end__ = _ebss

._user_heap_stack
                0x20000880      0x600
                0x20000880                . = ALIGN (0x4)
                0x20000880                PROVIDE (end, .)
                0x20000880                PROVIDE (_end, .)
                0x20000a80                . = (. + _Min_Heap_Size)
 *fill*         0x20000880      0x200 
                0x20000e80                . = (. + _Min_Stack_Size)
 *fill*         0x20000a80      0x400 
                0x20000e80                . = ALIGN (0x4)

/DISCARD/
 libc.a(*)
 libm.a(*)
 libgcc.a(*)

.ARM.attributes
                0x00000000       0x2a
 *(.ARM.attributes)
 .ARM.attributes
                0x00000000       0x1e c:/program files/gnu tools arm embedded/4.9 2015q1/bin/../lib/gcc/arm-none-eabi/4.9.3/armv7e-m/crti.o
 .ARM.attributes
                0x0000001e       0x2e c:/program files/gnu tools arm embedded/4.9 2015q1/bin/../lib/gcc/arm-none-eabi/4.9.3/armv7e-m/crtbegin.o
 .ARM.attributes
                0x0000004c       0x33 ..\obj\Task.o
 .ARM.attributes
                0x0000007f       0x21 ..\obj\Scheduler.o
 .ARM.attributes
                0x000000a0       0x33 ..\obj\system_stm32f4xx.o
 .ARM.attributes
                0x000000d3       0x33 ..\obj\stm32f4xx_it.o
 .ARM.attributes
                0x00000106       0x21 ..\obj\startup_stm32f429xx.o
 .ARM.attributes
                0x00000127       0x33 ..\obj\main.o
 .ARM.attributes
                0x0000015a       0x1e c:/program files/gnu tools arm embedded/4.9 2015q1/bin/../lib/gcc/arm-none-eabi/4.9.3/armv7e-m/crtn.o
LOAD ..\obj\assembly.o
LOAD ..\obj\Task.o
LOAD ..\obj\sd_LED2.o
LOAD ..\obj\stm32f4xx_hal_cortex.o
LOAD ..\obj\Scheduler.o
LOAD ..\obj\initButton.o
LOAD ..\obj\sd_LED1.o
LOAD ..\obj\initLED.o
LOAD ..\obj\system_stm32f4xx.o
LOAD ..\obj\stm32f4xx_hal.o
LOAD ..\obj\stm32f4xx_it.o
LOAD ..\obj\sd_LED3.o
LOAD ..\obj\stm32f4xx_hal_gpio.o
LOAD ..\obj\stm32f4xx_hal_rcc.o
LOAD ..\obj\addLinkList.o
LOAD ..\obj\startup_stm32f429xx.o
LOAD ..\obj\removeLinkList.o
LOAD ..\obj\delay.o
LOAD ..\obj\main.o
START GROUP
LOAD c:/program files/gnu tools arm embedded/4.9 2015q1/bin/../lib/gcc/arm-none-eabi/4.9.3/armv7e-m\libgcc.a
LOAD c:/program files/gnu tools arm embedded/4.9 2015q1/bin/../lib/gcc/arm-none-eabi/4.9.3/../../../../arm-none-eabi/lib/armv7e-m\libg.a
LOAD c:/program files/gnu tools arm embedded/4.9 2015q1/bin/../lib/gcc/arm-none-eabi/4.9.3/../../../../arm-none-eabi/lib/armv7e-m\libc.a
END GROUP
LOAD c:/program files/gnu tools arm embedded/4.9 2015q1/bin/../lib/gcc/arm-none-eabi/4.9.3/armv7e-m/crtend.o
LOAD c:/program files/gnu tools arm embedded/4.9 2015q1/bin/../lib/gcc/arm-none-eabi/4.9.3/armv7e-m/crtn.o
OUTPUT(Test01.elf elf32-littlearm)

.debug_info     0x00000000     0x105c
 .debug_info    0x00000000      0x250 ..\obj\Task.o
 .debug_info    0x00000250       0x9b ..\obj\Scheduler.o
 .debug_info    0x000002eb      0x4b4 ..\obj\system_stm32f4xx.o
 .debug_info    0x0000079f      0x11e ..\obj\stm32f4xx_it.o
 .debug_info    0x000008bd       0xa1 ..\obj\startup_stm32f429xx.o
 .debug_info    0x0000095e      0x6fe ..\obj\main.o

.debug_abbrev   0x00000000      0x3e4
 .debug_abbrev  0x00000000       0xd8 ..\obj\Task.o
 .debug_abbrev  0x000000d8       0x14 ..\obj\Scheduler.o
 .debug_abbrev  0x000000ec       0xff ..\obj\system_stm32f4xx.o
 .debug_abbrev  0x000001eb       0x65 ..\obj\stm32f4xx_it.o
 .debug_abbrev  0x00000250       0x12 ..\obj\startup_stm32f429xx.o
 .debug_abbrev  0x00000262      0x182 ..\obj\main.o

.debug_aranges  0x00000000       0xc8
 .debug_aranges
                0x00000000       0x20 ..\obj\Task.o
 .debug_aranges
                0x00000020       0x20 ..\obj\Scheduler.o
 .debug_aranges
                0x00000040       0x20 ..\obj\system_stm32f4xx.o
 .debug_aranges
                0x00000060       0x20 ..\obj\stm32f4xx_it.o
 .debug_aranges
                0x00000080       0x28 ..\obj\startup_stm32f429xx.o
 .debug_aranges
                0x000000a8       0x20 ..\obj\main.o

.debug_line     0x00000000      0x850
 .debug_line    0x00000000      0x144 ..\obj\Task.o
 .debug_line    0x00000144       0x75 ..\obj\Scheduler.o
 .debug_line    0x000001b9      0x21a ..\obj\system_stm32f4xx.o
 .debug_line    0x000003d3      0x1aa ..\obj\stm32f4xx_it.o
 .debug_line    0x0000057d       0xa1 ..\obj\startup_stm32f429xx.o
 .debug_line    0x0000061e      0x232 ..\obj\main.o

.debug_str      0x00000000      0xa93
 .debug_str     0x00000000      0x170 ..\obj\Task.o
                                0x1ba (size before relaxing)
 .debug_str     0x00000170      0x20f ..\obj\system_stm32f4xx.o
                                0x338 (size before relaxing)
 .debug_str     0x0000037f       0xbc ..\obj\stm32f4xx_it.o
                                0x1d1 (size before relaxing)
 .debug_str     0x0000043b      0x658 ..\obj\main.o
                                0x83b (size before relaxing)

.comment        0x00000000       0x70
 .comment       0x00000000       0x70 ..\obj\Task.o
                                 0x71 (size before relaxing)
 .comment       0x00000000       0x71 ..\obj\system_stm32f4xx.o
 .comment       0x00000000       0x71 ..\obj\stm32f4xx_it.o
 .comment       0x00000000       0x71 ..\obj\main.o

.debug_frame    0x00000000      0x224
 .debug_frame   0x00000000       0x48 ..\obj\Task.o
 .debug_frame   0x00000048       0x58 ..\obj\system_stm32f4xx.o
 .debug_frame   0x000000a0       0xf0 ..\obj\stm32f4xx_it.o
 .debug_frame   0x00000190       0x94 ..\obj\main.o

.debug_ranges   0x00000000       0x20
 .debug_ranges  0x00000000       0x20 ..\obj\startup_stm32f429xx.o
