Archive member included because of file (symbol)

c:/program files/gnu tools arm embedded/4.9 2015q1/bin/../lib/gcc/arm-none-eabi/4.9.3/../../../../arm-none-eabi/lib/armv7e-m\libc.a(lib_a-exit.o)
                              c:/program files/gnu tools arm embedded/4.9 2015q1/bin/../lib/gcc/arm-none-eabi/4.9.3/../../../../arm-none-eabi/lib/armv7e-m/crt0.o (exit)
c:/program files/gnu tools arm embedded/4.9 2015q1/bin/../lib/gcc/arm-none-eabi/4.9.3/../../../../arm-none-eabi/lib/armv7e-m\libc.a(lib_a-impure.o)
                              c:/program files/gnu tools arm embedded/4.9 2015q1/bin/../lib/gcc/arm-none-eabi/4.9.3/../../../../arm-none-eabi/lib/armv7e-m\libc.a(lib_a-exit.o) (_global_impure_ptr)
c:/program files/gnu tools arm embedded/4.9 2015q1/bin/../lib/gcc/arm-none-eabi/4.9.3/../../../../arm-none-eabi/lib/armv7e-m\libc.a(lib_a-init.o)
                              c:/program files/gnu tools arm embedded/4.9 2015q1/bin/../lib/gcc/arm-none-eabi/4.9.3/../../../../arm-none-eabi/lib/armv7e-m/crt0.o (__libc_init_array)
c:/program files/gnu tools arm embedded/4.9 2015q1/bin/../lib/gcc/arm-none-eabi/4.9.3/../../../../arm-none-eabi/lib/armv7e-m\libc.a(lib_a-memset.o)
                              c:/program files/gnu tools arm embedded/4.9 2015q1/bin/../lib/gcc/arm-none-eabi/4.9.3/../../../../arm-none-eabi/lib/armv7e-m/crt0.o (memset)
c:/program files/gnu tools arm embedded/4.9 2015q1/bin/../lib/gcc/arm-none-eabi/4.9.3/../../../../arm-none-eabi/lib/armv7e-m\libc.a(lib_a-__call_atexit.o)
                              c:/program files/gnu tools arm embedded/4.9 2015q1/bin/../lib/gcc/arm-none-eabi/4.9.3/../../../../arm-none-eabi/lib/armv7e-m\libc.a(lib_a-exit.o) (__call_exitprocs)
c:/program files/gnu tools arm embedded/4.9 2015q1/bin/../lib/gcc/arm-none-eabi/4.9.3/../../../../arm-none-eabi/lib/armv7e-m\libc.a(lib_a-atexit.o)
                              c:/program files/gnu tools arm embedded/4.9 2015q1/bin/../lib/gcc/arm-none-eabi/4.9.3/../../../../arm-none-eabi/lib/armv7e-m\libc.a(lib_a-__call_atexit.o) (atexit)
c:/program files/gnu tools arm embedded/4.9 2015q1/bin/../lib/gcc/arm-none-eabi/4.9.3/../../../../arm-none-eabi/lib/armv7e-m\libc.a(lib_a-fini.o)
                              c:/program files/gnu tools arm embedded/4.9 2015q1/bin/../lib/gcc/arm-none-eabi/4.9.3/../../../../arm-none-eabi/lib/armv7e-m\libc.a(lib_a-__call_atexit.o) (__libc_fini_array)
c:/program files/gnu tools arm embedded/4.9 2015q1/bin/../lib/gcc/arm-none-eabi/4.9.3/../../../../arm-none-eabi/lib/armv7e-m\libc.a(lib_a-__atexit.o)
                              c:/program files/gnu tools arm embedded/4.9 2015q1/bin/../lib/gcc/arm-none-eabi/4.9.3/../../../../arm-none-eabi/lib/armv7e-m\libc.a(lib_a-atexit.o) (__register_exitproc)

Allocating common symbols
Common symbol       size              file

taskTwoTcb          0x8               ..\obj\Task.o
readyQueue          0x4               ..\obj\Task.o
taskOneTcb          0x8               ..\obj\Task.o
mainTcb             0x8               ..\obj\Task.o
runningTcb          0x4               ..\obj\Task.o
taskOneStack        0x404             ..\obj\Task.o

Discarded input sections

 .text          0x00000000        0x0 c:/program files/gnu tools arm embedded/4.9 2015q1/bin/../lib/gcc/arm-none-eabi/4.9.3/armv7e-m/crti.o
 .data          0x00000000        0x0 c:/program files/gnu tools arm embedded/4.9 2015q1/bin/../lib/gcc/arm-none-eabi/4.9.3/armv7e-m/crti.o
 .bss           0x00000000        0x0 c:/program files/gnu tools arm embedded/4.9 2015q1/bin/../lib/gcc/arm-none-eabi/4.9.3/armv7e-m/crti.o
 .data          0x00000000        0x4 c:/program files/gnu tools arm embedded/4.9 2015q1/bin/../lib/gcc/arm-none-eabi/4.9.3/armv7e-m/crtbegin.o
 .text          0x00000000       0x74 c:/program files/gnu tools arm embedded/4.9 2015q1/bin/../lib/gcc/arm-none-eabi/4.9.3/../../../../arm-none-eabi/lib/armv7e-m/crt0.o
 .data          0x00000000        0x0 c:/program files/gnu tools arm embedded/4.9 2015q1/bin/../lib/gcc/arm-none-eabi/4.9.3/../../../../arm-none-eabi/lib/armv7e-m/crt0.o
 .bss           0x00000000        0x0 c:/program files/gnu tools arm embedded/4.9 2015q1/bin/../lib/gcc/arm-none-eabi/4.9.3/../../../../arm-none-eabi/lib/armv7e-m/crt0.o
 .ARM.extab     0x00000000        0x0 c:/program files/gnu tools arm embedded/4.9 2015q1/bin/../lib/gcc/arm-none-eabi/4.9.3/../../../../arm-none-eabi/lib/armv7e-m/crt0.o
 .ARM.exidx     0x00000000        0x8 c:/program files/gnu tools arm embedded/4.9 2015q1/bin/../lib/gcc/arm-none-eabi/4.9.3/../../../../arm-none-eabi/lib/armv7e-m/crt0.o
 .ARM.attributes
                0x00000000       0x1c c:/program files/gnu tools arm embedded/4.9 2015q1/bin/../lib/gcc/arm-none-eabi/4.9.3/../../../../arm-none-eabi/lib/armv7e-m/crt0.o
 .text          0x00000000        0x0 c:/program files/gnu tools arm embedded/4.9 2015q1/bin/../lib/gcc/arm-none-eabi/4.9.3/../../../../arm-none-eabi/lib/armv7e-m\libc.a(lib_a-exit.o)
 .data          0x00000000        0x0 c:/program files/gnu tools arm embedded/4.9 2015q1/bin/../lib/gcc/arm-none-eabi/4.9.3/../../../../arm-none-eabi/lib/armv7e-m\libc.a(lib_a-exit.o)
 .bss           0x00000000        0x0 c:/program files/gnu tools arm embedded/4.9 2015q1/bin/../lib/gcc/arm-none-eabi/4.9.3/../../../../arm-none-eabi/lib/armv7e-m\libc.a(lib_a-exit.o)
 .text.exit     0x00000000       0x20 c:/program files/gnu tools arm embedded/4.9 2015q1/bin/../lib/gcc/arm-none-eabi/4.9.3/../../../../arm-none-eabi/lib/armv7e-m\libc.a(lib_a-exit.o)
 .debug_frame   0x00000000       0x28 c:/program files/gnu tools arm embedded/4.9 2015q1/bin/../lib/gcc/arm-none-eabi/4.9.3/../../../../arm-none-eabi/lib/armv7e-m\libc.a(lib_a-exit.o)
 .ARM.attributes
                0x00000000       0x2e c:/program files/gnu tools arm embedded/4.9 2015q1/bin/../lib/gcc/arm-none-eabi/4.9.3/../../../../arm-none-eabi/lib/armv7e-m\libc.a(lib_a-exit.o)
 .text          0x00000000        0x0 c:/program files/gnu tools arm embedded/4.9 2015q1/bin/../lib/gcc/arm-none-eabi/4.9.3/../../../../arm-none-eabi/lib/armv7e-m\libc.a(lib_a-impure.o)
 .data          0x00000000        0x0 c:/program files/gnu tools arm embedded/4.9 2015q1/bin/../lib/gcc/arm-none-eabi/4.9.3/../../../../arm-none-eabi/lib/armv7e-m\libc.a(lib_a-impure.o)
 .bss           0x00000000        0x0 c:/program files/gnu tools arm embedded/4.9 2015q1/bin/../lib/gcc/arm-none-eabi/4.9.3/../../../../arm-none-eabi/lib/armv7e-m\libc.a(lib_a-impure.o)
 .data._impure_ptr
                0x00000000        0x4 c:/program files/gnu tools arm embedded/4.9 2015q1/bin/../lib/gcc/arm-none-eabi/4.9.3/../../../../arm-none-eabi/lib/armv7e-m\libc.a(lib_a-impure.o)
 .ARM.attributes
                0x00000000       0x2e c:/program files/gnu tools arm embedded/4.9 2015q1/bin/../lib/gcc/arm-none-eabi/4.9.3/../../../../arm-none-eabi/lib/armv7e-m\libc.a(lib_a-impure.o)
 .text          0x00000000        0x0 c:/program files/gnu tools arm embedded/4.9 2015q1/bin/../lib/gcc/arm-none-eabi/4.9.3/../../../../arm-none-eabi/lib/armv7e-m\libc.a(lib_a-init.o)
 .data          0x00000000        0x0 c:/program files/gnu tools arm embedded/4.9 2015q1/bin/../lib/gcc/arm-none-eabi/4.9.3/../../../../arm-none-eabi/lib/armv7e-m\libc.a(lib_a-init.o)
 .bss           0x00000000        0x0 c:/program files/gnu tools arm embedded/4.9 2015q1/bin/../lib/gcc/arm-none-eabi/4.9.3/../../../../arm-none-eabi/lib/armv7e-m\libc.a(lib_a-init.o)
 .debug_frame   0x00000000       0x2c c:/program files/gnu tools arm embedded/4.9 2015q1/bin/../lib/gcc/arm-none-eabi/4.9.3/../../../../arm-none-eabi/lib/armv7e-m\libc.a(lib_a-init.o)
 .ARM.attributes
                0x00000000       0x2e c:/program files/gnu tools arm embedded/4.9 2015q1/bin/../lib/gcc/arm-none-eabi/4.9.3/../../../../arm-none-eabi/lib/armv7e-m\libc.a(lib_a-init.o)
 .text          0x00000000        0x0 c:/program files/gnu tools arm embedded/4.9 2015q1/bin/../lib/gcc/arm-none-eabi/4.9.3/../../../../arm-none-eabi/lib/armv7e-m\libc.a(lib_a-memset.o)
 .data          0x00000000        0x0 c:/program files/gnu tools arm embedded/4.9 2015q1/bin/../lib/gcc/arm-none-eabi/4.9.3/../../../../arm-none-eabi/lib/armv7e-m\libc.a(lib_a-memset.o)
 .bss           0x00000000        0x0 c:/program files/gnu tools arm embedded/4.9 2015q1/bin/../lib/gcc/arm-none-eabi/4.9.3/../../../../arm-none-eabi/lib/armv7e-m\libc.a(lib_a-memset.o)
 .text.memset   0x00000000       0x9c c:/program files/gnu tools arm embedded/4.9 2015q1/bin/../lib/gcc/arm-none-eabi/4.9.3/../../../../arm-none-eabi/lib/armv7e-m\libc.a(lib_a-memset.o)
 .debug_frame   0x00000000       0x34 c:/program files/gnu tools arm embedded/4.9 2015q1/bin/../lib/gcc/arm-none-eabi/4.9.3/../../../../arm-none-eabi/lib/armv7e-m\libc.a(lib_a-memset.o)
 .ARM.attributes
                0x00000000       0x2e c:/program files/gnu tools arm embedded/4.9 2015q1/bin/../lib/gcc/arm-none-eabi/4.9.3/../../../../arm-none-eabi/lib/armv7e-m\libc.a(lib_a-memset.o)
 .text          0x00000000        0x0 c:/program files/gnu tools arm embedded/4.9 2015q1/bin/../lib/gcc/arm-none-eabi/4.9.3/../../../../arm-none-eabi/lib/armv7e-m\libc.a(lib_a-__call_atexit.o)
 .data          0x00000000        0x0 c:/program files/gnu tools arm embedded/4.9 2015q1/bin/../lib/gcc/arm-none-eabi/4.9.3/../../../../arm-none-eabi/lib/armv7e-m\libc.a(lib_a-__call_atexit.o)
 .bss           0x00000000        0x0 c:/program files/gnu tools arm embedded/4.9 2015q1/bin/../lib/gcc/arm-none-eabi/4.9.3/../../../../arm-none-eabi/lib/armv7e-m\libc.a(lib_a-__call_atexit.o)
 .text.__call_exitprocs
                0x00000000       0xd4 c:/program files/gnu tools arm embedded/4.9 2015q1/bin/../lib/gcc/arm-none-eabi/4.9.3/../../../../arm-none-eabi/lib/armv7e-m\libc.a(lib_a-__call_atexit.o)
 .debug_frame   0x00000000       0x50 c:/program files/gnu tools arm embedded/4.9 2015q1/bin/../lib/gcc/arm-none-eabi/4.9.3/../../../../arm-none-eabi/lib/armv7e-m\libc.a(lib_a-__call_atexit.o)
 .ARM.attributes
                0x00000000       0x2e c:/program files/gnu tools arm embedded/4.9 2015q1/bin/../lib/gcc/arm-none-eabi/4.9.3/../../../../arm-none-eabi/lib/armv7e-m\libc.a(lib_a-__call_atexit.o)
 .text          0x00000000        0x0 c:/program files/gnu tools arm embedded/4.9 2015q1/bin/../lib/gcc/arm-none-eabi/4.9.3/../../../../arm-none-eabi/lib/armv7e-m\libc.a(lib_a-atexit.o)
 .data          0x00000000        0x0 c:/program files/gnu tools arm embedded/4.9 2015q1/bin/../lib/gcc/arm-none-eabi/4.9.3/../../../../arm-none-eabi/lib/armv7e-m\libc.a(lib_a-atexit.o)
 .bss           0x00000000        0x0 c:/program files/gnu tools arm embedded/4.9 2015q1/bin/../lib/gcc/arm-none-eabi/4.9.3/../../../../arm-none-eabi/lib/armv7e-m\libc.a(lib_a-atexit.o)
 .debug_frame   0x00000000       0x20 c:/program files/gnu tools arm embedded/4.9 2015q1/bin/../lib/gcc/arm-none-eabi/4.9.3/../../../../arm-none-eabi/lib/armv7e-m\libc.a(lib_a-atexit.o)
 .ARM.attributes
                0x00000000       0x2e c:/program files/gnu tools arm embedded/4.9 2015q1/bin/../lib/gcc/arm-none-eabi/4.9.3/../../../../arm-none-eabi/lib/armv7e-m\libc.a(lib_a-atexit.o)
 .text          0x00000000        0x0 c:/program files/gnu tools arm embedded/4.9 2015q1/bin/../lib/gcc/arm-none-eabi/4.9.3/../../../../arm-none-eabi/lib/armv7e-m\libc.a(lib_a-fini.o)
 .data          0x00000000        0x0 c:/program files/gnu tools arm embedded/4.9 2015q1/bin/../lib/gcc/arm-none-eabi/4.9.3/../../../../arm-none-eabi/lib/armv7e-m\libc.a(lib_a-fini.o)
 .bss           0x00000000        0x0 c:/program files/gnu tools arm embedded/4.9 2015q1/bin/../lib/gcc/arm-none-eabi/4.9.3/../../../../arm-none-eabi/lib/armv7e-m\libc.a(lib_a-fini.o)
 .debug_frame   0x00000000       0x34 c:/program files/gnu tools arm embedded/4.9 2015q1/bin/../lib/gcc/arm-none-eabi/4.9.3/../../../../arm-none-eabi/lib/armv7e-m\libc.a(lib_a-fini.o)
 .ARM.attributes
                0x00000000       0x2e c:/program files/gnu tools arm embedded/4.9 2015q1/bin/../lib/gcc/arm-none-eabi/4.9.3/../../../../arm-none-eabi/lib/armv7e-m\libc.a(lib_a-fini.o)
 .text          0x00000000        0x0 c:/program files/gnu tools arm embedded/4.9 2015q1/bin/../lib/gcc/arm-none-eabi/4.9.3/../../../../arm-none-eabi/lib/armv7e-m\libc.a(lib_a-__atexit.o)
 .data          0x00000000        0x0 c:/program files/gnu tools arm embedded/4.9 2015q1/bin/../lib/gcc/arm-none-eabi/4.9.3/../../../../arm-none-eabi/lib/armv7e-m\libc.a(lib_a-__atexit.o)
 .bss           0x00000000        0x0 c:/program files/gnu tools arm embedded/4.9 2015q1/bin/../lib/gcc/arm-none-eabi/4.9.3/../../../../arm-none-eabi/lib/armv7e-m\libc.a(lib_a-__atexit.o)
 .debug_frame   0x00000000       0x34 c:/program files/gnu tools arm embedded/4.9 2015q1/bin/../lib/gcc/arm-none-eabi/4.9.3/../../../../arm-none-eabi/lib/armv7e-m\libc.a(lib_a-__atexit.o)
 .ARM.attributes
                0x00000000       0x2e c:/program files/gnu tools arm embedded/4.9 2015q1/bin/../lib/gcc/arm-none-eabi/4.9.3/../../../../arm-none-eabi/lib/armv7e-m\libc.a(lib_a-__atexit.o)
 .text          0x00000000        0x0 ..\obj\assembly.o
 .data          0x00000000        0x0 ..\obj\assembly.o
 .bss           0x00000000        0x0 ..\obj\assembly.o
 .text.testFunc
                0x00000000        0x0 ..\obj\assembly.o
 .ARM.attributes
                0x00000000       0x21 ..\obj\assembly.o
 .bss           0x00000000        0x0 ..\obj\Task.o
 .text          0x00000000       0xe0 ..\obj\sd_LED2.o
 .data          0x00000000        0x0 ..\obj\sd_LED2.o
 .bss           0x00000000        0x8 ..\obj\sd_LED2.o
 .debug_info    0x00000000      0x1f3 ..\obj\sd_LED2.o
 .debug_abbrev  0x00000000       0xd6 ..\obj\sd_LED2.o
 .debug_aranges
                0x00000000       0x20 ..\obj\sd_LED2.o
 .debug_line    0x00000000      0x280 ..\obj\sd_LED2.o
 .debug_str     0x00000000      0x23c ..\obj\sd_LED2.o
 .comment       0x00000000       0x71 ..\obj\sd_LED2.o
 .debug_frame   0x00000000       0x34 ..\obj\sd_LED2.o
 .ARM.attributes
                0x00000000       0x33 ..\obj\sd_LED2.o
 .data          0x00000000        0x0 ..\obj\stm32f4xx_hal_cortex.o
 .bss           0x00000000        0x0 ..\obj\stm32f4xx_hal_cortex.o
 .text          0x00000000        0x0 ..\obj\Scheduler.o
 .data          0x00000000        0x0 ..\obj\Scheduler.o
 .bss           0x00000000        0x0 ..\obj\Scheduler.o
 .text          0x00000000       0x4c ..\obj\initButton.o
 .data          0x00000000        0x0 ..\obj\initButton.o
 .bss           0x00000000        0x0 ..\obj\initButton.o
 .debug_info    0x00000000      0x3b3 ..\obj\initButton.o
 .debug_abbrev  0x00000000       0xf4 ..\obj\initButton.o
 .debug_aranges
                0x00000000       0x20 ..\obj\initButton.o
 .debug_line    0x00000000      0x26a ..\obj\initButton.o
 .debug_str     0x00000000      0x33e ..\obj\initButton.o
 .comment       0x00000000       0x71 ..\obj\initButton.o
 .debug_frame   0x00000000       0x34 ..\obj\initButton.o
 .ARM.attributes
                0x00000000       0x33 ..\obj\initButton.o
 .text          0x00000000       0xbc ..\obj\sd_LED1.o
 .data          0x00000000        0x0 ..\obj\sd_LED1.o
 .bss           0x00000000        0x8 ..\obj\sd_LED1.o
 .debug_info    0x00000000      0x1e5 ..\obj\sd_LED1.o
 .debug_abbrev  0x00000000       0xd6 ..\obj\sd_LED1.o
 .debug_aranges
                0x00000000       0x20 ..\obj\sd_LED1.o
 .debug_line    0x00000000      0x27d ..\obj\sd_LED1.o
 .debug_str     0x00000000      0x236 ..\obj\sd_LED1.o
 .comment       0x00000000       0x71 ..\obj\sd_LED1.o
 .debug_frame   0x00000000       0x2c ..\obj\sd_LED1.o
 .ARM.attributes
                0x00000000       0x33 ..\obj\sd_LED1.o
 .text          0x00000000      0x130 ..\obj\initLED.o
 .data          0x00000000        0x0 ..\obj\initLED.o
 .bss           0x00000000        0x0 ..\obj\initLED.o
 .debug_info    0x00000000      0x467 ..\obj\initLED.o
 .debug_abbrev  0x00000000       0xf4 ..\obj\initLED.o
 .debug_aranges
                0x00000000       0x20 ..\obj\initLED.o
 .debug_line    0x00000000      0x282 ..\obj\initLED.o
 .debug_str     0x00000000      0x34f ..\obj\initLED.o
 .comment       0x00000000       0x71 ..\obj\initLED.o
 .debug_frame   0x00000000       0xa0 ..\obj\initLED.o
 .ARM.attributes
                0x00000000       0x33 ..\obj\initLED.o
 .bss           0x00000000        0x0 ..\obj\system_stm32f4xx.o
 .data          0x00000000        0x0 ..\obj\stm32f4xx_hal.o
 .data          0x00000000        0x0 ..\obj\stm32f4xx_it.o
 .bss           0x00000000        0x0 ..\obj\stm32f4xx_it.o
 .text          0x00000000       0xfc ..\obj\sd_LED3.o
 .data          0x00000000        0x0 ..\obj\sd_LED3.o
 .bss           0x00000000       0x10 ..\obj\sd_LED3.o
 .debug_info    0x00000000      0x207 ..\obj\sd_LED3.o
 .debug_abbrev  0x00000000       0xd6 ..\obj\sd_LED3.o
 .debug_aranges
                0x00000000       0x20 ..\obj\sd_LED3.o
 .debug_line    0x00000000      0x28d ..\obj\sd_LED3.o
 .debug_str     0x00000000      0x24c ..\obj\sd_LED3.o
 .comment       0x00000000       0x71 ..\obj\sd_LED3.o
 .debug_frame   0x00000000       0x2c ..\obj\sd_LED3.o
 .ARM.attributes
                0x00000000       0x33 ..\obj\sd_LED3.o
 .data          0x00000000        0x0 ..\obj\stm32f4xx_hal_gpio.o
 .bss           0x00000000        0x0 ..\obj\stm32f4xx_hal_gpio.o
 .data          0x00000000        0x0 ..\obj\stm32f4xx_hal_rcc.o
 .bss           0x00000000        0x0 ..\obj\stm32f4xx_hal_rcc.o
 .text          0x00000000       0x14 ..\obj\startup_stm32f429xx.o
 .data          0x00000000        0x0 ..\obj\startup_stm32f429xx.o
 .bss           0x00000000        0x0 ..\obj\startup_stm32f429xx.o
 .data          0x00000000        0x0 ..\obj\delay.o
 .data          0x00000000        0x0 ..\obj\main.o
 .data          0x00000000        0x0 ..\obj\linkedList.o
 .bss           0x00000000        0x0 ..\obj\linkedList.o
 .text          0x00000000        0x0 c:/program files/gnu tools arm embedded/4.9 2015q1/bin/../lib/gcc/arm-none-eabi/4.9.3/armv7e-m/crtend.o
 .data          0x00000000        0x0 c:/program files/gnu tools arm embedded/4.9 2015q1/bin/../lib/gcc/arm-none-eabi/4.9.3/armv7e-m/crtend.o
 .bss           0x00000000        0x0 c:/program files/gnu tools arm embedded/4.9 2015q1/bin/../lib/gcc/arm-none-eabi/4.9.3/armv7e-m/crtend.o
 .eh_frame      0x00000000        0x4 c:/program files/gnu tools arm embedded/4.9 2015q1/bin/../lib/gcc/arm-none-eabi/4.9.3/armv7e-m/crtend.o
 .jcr           0x00000000        0x4 c:/program files/gnu tools arm embedded/4.9 2015q1/bin/../lib/gcc/arm-none-eabi/4.9.3/armv7e-m/crtend.o
 .ARM.attributes
                0x00000000       0x2e c:/program files/gnu tools arm embedded/4.9 2015q1/bin/../lib/gcc/arm-none-eabi/4.9.3/armv7e-m/crtend.o
 .text          0x00000000        0x0 c:/program files/gnu tools arm embedded/4.9 2015q1/bin/../lib/gcc/arm-none-eabi/4.9.3/armv7e-m/crtn.o
 .data          0x00000000        0x0 c:/program files/gnu tools arm embedded/4.9 2015q1/bin/../lib/gcc/arm-none-eabi/4.9.3/armv7e-m/crtn.o
 .bss           0x00000000        0x0 c:/program files/gnu tools arm embedded/4.9 2015q1/bin/../lib/gcc/arm-none-eabi/4.9.3/armv7e-m/crtn.o

Memory Configuration

Name             Origin             Length             Attributes
FLASH            0x08000000         0x00100000         xr
RAM              0x20000000         0x00020000         xrw
CCMRAM           0x10000000         0x00010000         rw
*default*        0x00000000         0xffffffff

Linker script and memory map

LOAD c:/program files/gnu tools arm embedded/4.9 2015q1/bin/../lib/gcc/arm-none-eabi/4.9.3/armv7e-m/crti.o
LOAD c:/program files/gnu tools arm embedded/4.9 2015q1/bin/../lib/gcc/arm-none-eabi/4.9.3/armv7e-m/crtbegin.o
LOAD c:/program files/gnu tools arm embedded/4.9 2015q1/bin/../lib/gcc/arm-none-eabi/4.9.3/../../../../arm-none-eabi/lib/armv7e-m/crt0.o
                0x2001ffff                _estack = 0x2001ffff
                0x00000200                _Min_Heap_Size = 0x200
                0x00000400                _Min_Stack_Size = 0x400

.isr_vector     0x08000000      0x1ac
                0x08000000                . = ALIGN (0x4)
 *(.isr_vector)
 .isr_vector    0x08000000      0x1ac ..\obj\startup_stm32f429xx.o
                0x08000000                g_pfnVectors
                0x080001ac                . = ALIGN (0x4)

.text           0x08000200     0x266c
                0x08000200                . = ALIGN (0x4)
 *(.text)
 .text          0x08000200       0x5c c:/program files/gnu tools arm embedded/4.9 2015q1/bin/../lib/gcc/arm-none-eabi/4.9.3/armv7e-m/crtbegin.o
 .text          0x0800025c      0x114 ..\obj\Task.o
                0x0800025c                taskOne
                0x08000264                InitTcb
 .text          0x08000370      0x544 ..\obj\stm32f4xx_hal_cortex.o
                0x08000704                HAL_NVIC_SetPriorityGrouping
                0x08000718                HAL_NVIC_SetPriority
                0x08000750                HAL_NVIC_EnableIRQ
                0x0800076c                HAL_NVIC_DisableIRQ
                0x08000788                HAL_NVIC_SystemReset
                0x08000794                HAL_SYSTICK_Config
                0x080007ac                HAL_NVIC_GetPriorityGrouping
                0x080007bc                HAL_NVIC_GetPriority
                0x080007ec                HAL_NVIC_SetPendingIRQ
                0x08000808                HAL_NVIC_GetPendingIRQ
                0x08000828                HAL_NVIC_ClearPendingIRQ
                0x08000844                HAL_NVIC_GetActive
                0x08000864                HAL_SYSTICK_CLKSourceConfig
                0x0800089c                HAL_SYSTICK_IRQHandler
                0x080008a8                HAL_SYSTICK_Callback
 .text          0x080008b4      0x154 ..\obj\system_stm32f4xx.o
                0x080008b4                SystemInit
                0x08000910                SystemCoreClockUpdate
 .text          0x08000a08      0x368 ..\obj\stm32f4xx_hal.o
                0x08000a08                HAL_Init
                0x08000a40                HAL_DeInit
                0x08000a98                HAL_MspInit
                0x08000aa4                HAL_MspDeInit
                0x08000ab0                HAL_InitTick
                0x08000ae8                HAL_IncTick
                0x08000b04                HAL_GetTick
                0x08000b1c                HAL_Delay
                0x08000b48                HAL_SuspendTick
                0x08000b64                HAL_ResumeTick
                0x08000b80                HAL_GetHalVersion
                0x08000b94                HAL_GetREVID
                0x08000bac                HAL_GetDEVID
                0x08000bc8                HAL_DBGMCU_EnableDBGSleepMode
                0x08000be4                HAL_DBGMCU_DisableDBGSleepMode
                0x08000c00                HAL_DBGMCU_EnableDBGStopMode
                0x08000c1c                HAL_DBGMCU_DisableDBGStopMode
                0x08000c38                HAL_DBGMCU_EnableDBGStandbyMode
                0x08000c54                HAL_DBGMCU_DisableDBGStandbyMode
                0x08000c70                HAL_EnableCompensationCell
                0x08000cb0                HAL_DisableCompensationCell
                0x08000cf0                HAL_EnableMemorySwappingBank
                0x08000d30                HAL_DisableMemorySwappingBank
 .text          0x08000d70       0x50 ..\obj\stm32f4xx_it.o
                0x08000d70                NMI_Handler
                0x08000d7c                HardFault_Handler
                0x08000d84                MemManage_Handler
                0x08000d8c                BusFault_Handler
                0x08000d94                UsageFault_Handler
                0x08000d9c                SVC_Handler
                0x08000da8                DebugMon_Handler
                0x08000db4                PendSV_Handler
 .text          0x08000dc0      0x674 ..\obj\stm32f4xx_hal_gpio.o
                0x08000dc0                HAL_GPIO_Init
                0x08001108                HAL_GPIO_DeInit
                0x0800131c                HAL_GPIO_ReadPin
                0x0800134c                HAL_GPIO_WritePin
                0x0800137c                HAL_GPIO_TogglePin
                0x080013a0                HAL_GPIO_LockPin
                0x080013f0                HAL_GPIO_EXTI_IRQHandler
                0x08001420                HAL_GPIO_EXTI_Callback
 .text          0x08001434      0xd74 ..\obj\stm32f4xx_hal_rcc.o
                0x08001434                HAL_RCC_DeInit
                0x080014ac                HAL_RCC_OscConfig
                0x08001964                HAL_RCC_ClockConfig
                0x08001c80                HAL_RCC_MCOConfig
                0x08001d44                HAL_RCC_EnableCSS
                0x08001d5c                HAL_RCC_DisableCSS
                0x08001d74                HAL_RCC_GetSysClockFreq
                0x08001e8c                HAL_RCC_GetHCLKFreq
                0x08001ee4                HAL_RCC_GetPCLK1Freq
                0x08001f30                HAL_RCC_GetPCLK2Freq
                0x08001f7c                HAL_RCC_GetOscConfig
                0x08002118                HAL_RCC_GetClockConfig
                0x08002178                HAL_RCC_NMI_IRQHandler
                0x0800219c                HAL_RCC_CSSCallback
 .text          0x080021a8       0x84 ..\obj\delay.o
                0x080021a8                updateTimer
                0x080021e4                getCurrentTime
                0x080021f4                delay
 .text          0x0800222c      0x27c ..\obj\main.o
                0x080022c4                yieldLED
                0x08002470                initSysTick
                0x08002498                main
 .text          0x080024a8       0xd8 ..\obj\linkedList.o
                0x080024a8                initLinkedList
                0x080024cc                List_addLast
                0x0800251c                List_removeFirst
 *(.text*)
 .text.__libc_init_array
                0x08002580       0x50 c:/program files/gnu tools arm embedded/4.9 2015q1/bin/../lib/gcc/arm-none-eabi/4.9.3/../../../../arm-none-eabi/lib/armv7e-m\libc.a(lib_a-init.o)
                0x08002580                __libc_init_array
 .text.startup.register_fini
                0x080025d0       0x14 c:/program files/gnu tools arm embedded/4.9 2015q1/bin/../lib/gcc/arm-none-eabi/4.9.3/../../../../arm-none-eabi/lib/armv7e-m\libc.a(lib_a-__call_atexit.o)
 .text.atexit   0x080025e4        0xc c:/program files/gnu tools arm embedded/4.9 2015q1/bin/../lib/gcc/arm-none-eabi/4.9.3/../../../../arm-none-eabi/lib/armv7e-m\libc.a(lib_a-atexit.o)
                0x080025e4                atexit
 .text.__libc_fini_array
                0x080025f0       0x2c c:/program files/gnu tools arm embedded/4.9 2015q1/bin/../lib/gcc/arm-none-eabi/4.9.3/../../../../arm-none-eabi/lib/armv7e-m\libc.a(lib_a-fini.o)
                0x080025f0                __libc_fini_array
 .text.__register_exitproc
                0x0800261c       0xa4 c:/program files/gnu tools arm embedded/4.9 2015q1/bin/../lib/gcc/arm-none-eabi/4.9.3/../../../../arm-none-eabi/lib/armv7e-m\libc.a(lib_a-__atexit.o)
                0x0800261c                __register_exitproc
 *fill*         0x080026c0       0x40 
 .text.taskSwitch
                0x08002700      0x100 ..\obj\Scheduler.o
                0x08002700                SysTick_Handler
 .text.Reset_Handler
                0x08002800       0x50 ..\obj\startup_stm32f429xx.o
                0x08002800                Reset_Handler
 .text.Default_Handler
                0x08002850        0x2 ..\obj\startup_stm32f429xx.o
                0x08002850                RTC_Alarm_IRQHandler
                0x08002850                HASH_RNG_IRQHandler
                0x08002850                EXTI2_IRQHandler
                0x08002850                TIM8_CC_IRQHandler
                0x08002850                UART8_IRQHandler
                0x08002850                SPI4_IRQHandler
                0x08002850                TIM1_CC_IRQHandler
                0x08002850                DMA2_Stream5_IRQHandler
                0x08002850                DMA1_Stream5_IRQHandler
                0x08002850                PVD_IRQHandler
                0x08002850                SDIO_IRQHandler
                0x08002850                TAMP_STAMP_IRQHandler
                0x08002850                CAN2_RX1_IRQHandler
                0x08002850                EXTI3_IRQHandler
                0x08002850                TIM8_TRG_COM_TIM14_IRQHandler
                0x08002850                TIM1_UP_TIM10_IRQHandler
                0x08002850                TIM8_UP_TIM13_IRQHandler
                0x08002850                I2C3_ER_IRQHandler
                0x08002850                EXTI0_IRQHandler
                0x08002850                I2C2_EV_IRQHandler
                0x08002850                DMA1_Stream2_IRQHandler
                0x08002850                CAN1_RX0_IRQHandler
                0x08002850                FPU_IRQHandler
                0x08002850                OTG_HS_WKUP_IRQHandler
                0x08002850                LTDC_ER_IRQHandler
                0x08002850                CAN2_SCE_IRQHandler
                0x08002850                DMA2_Stream2_IRQHandler
                0x08002850                SPI1_IRQHandler
                0x08002850                TIM6_DAC_IRQHandler
                0x08002850                TIM1_BRK_TIM9_IRQHandler
                0x08002850                DCMI_IRQHandler
                0x08002850                CAN2_RX0_IRQHandler
                0x08002850                DMA2_Stream3_IRQHandler
                0x08002850                USART6_IRQHandler
                0x08002850                USART3_IRQHandler
                0x08002850                CAN1_RX1_IRQHandler
                0x08002850                UART5_IRQHandler
                0x08002850                DMA2_Stream0_IRQHandler
                0x08002850                TIM4_IRQHandler
                0x08002850                I2C1_EV_IRQHandler
                0x08002850                DMA1_Stream6_IRQHandler
                0x08002850                DMA1_Stream1_IRQHandler
                0x08002850                UART4_IRQHandler
                0x08002850                TIM3_IRQHandler
                0x08002850                RCC_IRQHandler
                0x08002850                TIM8_BRK_TIM12_IRQHandler
                0x08002850                Default_Handler
                0x08002850                EXTI15_10_IRQHandler
                0x08002850                ADC_IRQHandler
                0x08002850                DMA1_Stream7_IRQHandler
                0x08002850                SPI5_IRQHandler
                0x08002850                TIM7_IRQHandler
                0x08002850                CAN2_TX_IRQHandler
                0x08002850                TIM5_IRQHandler
                0x08002850                DMA2_Stream7_IRQHandler
                0x08002850                I2C3_EV_IRQHandler
                0x08002850                EXTI9_5_IRQHandler
                0x08002850                RTC_WKUP_IRQHandler
                0x08002850                LTDC_IRQHandler
                0x08002850                ETH_WKUP_IRQHandler
                0x08002850                SPI2_IRQHandler
                0x08002850                OTG_HS_EP1_IN_IRQHandler
                0x08002850                DMA1_Stream0_IRQHandler
                0x08002850                CAN1_TX_IRQHandler
                0x08002850                EXTI4_IRQHandler
                0x08002850                ETH_IRQHandler
                0x08002850                OTG_HS_EP1_OUT_IRQHandler
                0x08002850                WWDG_IRQHandler
                0x08002850                SPI6_IRQHandler
                0x08002850                TIM2_IRQHandler
                0x08002850                OTG_FS_WKUP_IRQHandler
                0x08002850                TIM1_TRG_COM_TIM11_IRQHandler
                0x08002850                OTG_HS_IRQHandler
                0x08002850                DMA2D_IRQHandler
                0x08002850                EXTI1_IRQHandler
                0x08002850                UART7_IRQHandler
                0x08002850                USART2_IRQHandler
                0x08002850                I2C2_ER_IRQHandler
                0x08002850                DMA2_Stream1_IRQHandler
                0x08002850                CAN1_SCE_IRQHandler
                0x08002850                FLASH_IRQHandler
                0x08002850                DMA2_Stream4_IRQHandler
                0x08002850                USART1_IRQHandler
                0x08002850                OTG_FS_IRQHandler
                0x08002850                SPI3_IRQHandler
                0x08002850                DMA1_Stream4_IRQHandler
                0x08002850                I2C1_ER_IRQHandler
                0x08002850                FMC_IRQHandler
                0x08002850                DMA2_Stream6_IRQHandler
                0x08002850                SAI1_IRQHandler
                0x08002850                DMA1_Stream3_IRQHandler
 *(.glue_7)
 .glue_7        0x00000000        0x0 linker stubs
 *(.glue_7t)
 .glue_7t       0x00000000        0x0 linker stubs
 *(.eh_frame)
 *fill*         0x08002852        0x2 
 .eh_frame      0x08002854        0x0 c:/program files/gnu tools arm embedded/4.9 2015q1/bin/../lib/gcc/arm-none-eabi/4.9.3/armv7e-m/crtbegin.o
 *(.init)
 .init          0x08002854        0x4 c:/program files/gnu tools arm embedded/4.9 2015q1/bin/../lib/gcc/arm-none-eabi/4.9.3/armv7e-m/crti.o
                0x08002854                _init
 .init          0x08002858        0x8 c:/program files/gnu tools arm embedded/4.9 2015q1/bin/../lib/gcc/arm-none-eabi/4.9.3/armv7e-m/crtn.o
 *(.fini)
 .fini          0x08002860        0x4 c:/program files/gnu tools arm embedded/4.9 2015q1/bin/../lib/gcc/arm-none-eabi/4.9.3/armv7e-m/crti.o
                0x08002860                _fini
 .fini          0x08002864        0x8 c:/program files/gnu tools arm embedded/4.9 2015q1/bin/../lib/gcc/arm-none-eabi/4.9.3/armv7e-m/crtn.o
                0x0800286c                . = ALIGN (0x4)
                0x0800286c                _etext = .

.vfp11_veneer   0x0800286c        0x0
 .vfp11_veneer  0x00000000        0x0 linker stubs

.v4_bx          0x0800286c        0x0
 .v4_bx         0x00000000        0x0 linker stubs

.iplt           0x0800286c        0x0
 .iplt          0x00000000        0x0 c:/program files/gnu tools arm embedded/4.9 2015q1/bin/../lib/gcc/arm-none-eabi/4.9.3/armv7e-m/crtbegin.o

.rodata         0x0800286c       0x30
                0x0800286c                . = ALIGN (0x4)
 *(.rodata)
 .rodata        0x0800286c       0x18 ..\obj\Task.o
 .rodata        0x08002884       0x10 ..\obj\stm32f4xx_hal_rcc.o
                0x08002884                APBAHBPrescTable
 *(.rodata*)
 .rodata.str1.4
                0x08002894        0x4 c:/program files/gnu tools arm embedded/4.9 2015q1/bin/../lib/gcc/arm-none-eabi/4.9.3/../../../../arm-none-eabi/lib/armv7e-m\libc.a(lib_a-impure.o)
 .rodata._global_impure_ptr
                0x08002898        0x4 c:/program files/gnu tools arm embedded/4.9 2015q1/bin/../lib/gcc/arm-none-eabi/4.9.3/../../../../arm-none-eabi/lib/armv7e-m\libc.a(lib_a-impure.o)
                0x08002898                _global_impure_ptr
                0x0800289c                . = ALIGN (0x4)

.rel.dyn        0x0800289c        0x0
 .rel.iplt      0x00000000        0x0 c:/program files/gnu tools arm embedded/4.9 2015q1/bin/../lib/gcc/arm-none-eabi/4.9.3/armv7e-m/crtbegin.o

.ARM.extab
 *(.ARM.extab* .gnu.linkonce.armextab.*)

.ARM            0x0800289c        0x0
                0x0800289c                __exidx_start = .
 *(.ARM.exidx*)
                0x0800289c                __exidx_end = .

.preinit_array  0x0800289c        0x0
                0x0800289c                PROVIDE (__preinit_array_start, .)
 *(.preinit_array*)
                0x0800289c                PROVIDE (__preinit_array_end, .)

.init_array     0x0800289c        0x8
                0x0800289c                PROVIDE (__init_array_start, .)
 *(SORT(.init_array.*))
 .init_array.00000
                0x0800289c        0x4 c:/program files/gnu tools arm embedded/4.9 2015q1/bin/../lib/gcc/arm-none-eabi/4.9.3/../../../../arm-none-eabi/lib/armv7e-m\libc.a(lib_a-__call_atexit.o)
 *(.init_array*)
 .init_array    0x080028a0        0x4 c:/program files/gnu tools arm embedded/4.9 2015q1/bin/../lib/gcc/arm-none-eabi/4.9.3/armv7e-m/crtbegin.o
                0x080028a4                PROVIDE (__init_array_end, .)

.fini_array     0x080028a4        0x4
                0x080028a4                PROVIDE (__fini_array_start, .)
 *(SORT(.fini_array.*))
 *(.fini_array*)
 .fini_array    0x080028a4        0x4 c:/program files/gnu tools arm embedded/4.9 2015q1/bin/../lib/gcc/arm-none-eabi/4.9.3/armv7e-m/crtbegin.o
                0x080028a8                PROVIDE (__fini_array_end, .)
                0x080028a8                _sidata = LOADADDR (.data)

.data           0x20000000      0x440 load address 0x080028a8
                0x20000000                . = ALIGN (0x4)
                0x20000000                _sdata = .
 *(.data)
 .data          0x20000000        0x4 ..\obj\Task.o
                0x20000000                cc
 .data          0x20000004       0x14 ..\obj\system_stm32f4xx.o
                0x20000004                SystemCoreClock
                0x20000008                AHBPrescTable
 *(.data*)
 .data.impure_data
                0x20000018      0x428 c:/program files/gnu tools arm embedded/4.9 2015q1/bin/../lib/gcc/arm-none-eabi/4.9.3/../../../../arm-none-eabi/lib/armv7e-m\libc.a(lib_a-impure.o)
                0x20000440                . = ALIGN (0x4)
                0x20000440                _edata = .
                0x08002ce8                _siccmram = LOADADDR (.ccmram)

.jcr            0x20000440        0x0 load address 0x08002ce8
 .jcr           0x20000440        0x0 c:/program files/gnu tools arm embedded/4.9 2015q1/bin/../lib/gcc/arm-none-eabi/4.9.3/armv7e-m/crtbegin.o

.igot.plt       0x20000440        0x0 load address 0x08002ce8
 .igot.plt      0x00000000        0x0 c:/program files/gnu tools arm embedded/4.9 2015q1/bin/../lib/gcc/arm-none-eabi/4.9.3/armv7e-m/crtbegin.o

.ccmram         0x10000000        0x0 load address 0x08002ce8
                0x10000000                . = ALIGN (0x4)
                0x10000000                _sccmram = .
 *(.ccmram)
 *(.ccmram*)
                0x10000000                . = ALIGN (0x4)
                0x10000000                _eccmram = .
                0x10000000                . = ALIGN (0x4)

.bss            0x20000440      0x450
                0x20000440                _sbss = .
                0x20000440                __bss_start__ = _sbss
 *(.bss)
 .bss           0x20000440       0x1c c:/program files/gnu tools arm embedded/4.9 2015q1/bin/../lib/gcc/arm-none-eabi/4.9.3/armv7e-m/crtbegin.o
 .bss           0x2000045c        0x4 ..\obj\stm32f4xx_hal.o
 .bss           0x20000460        0x8 ..\obj\delay.o
                0x20000460                currentTime
 .bss           0x20000468        0x4 ..\obj\main.o
 *(.bss*)
 *(COMMON)
 COMMON         0x2000046c      0x424 ..\obj\Task.o
                0x2000046c                taskTwoTcb
                0x20000474                readyQueue
                0x20000478                taskOneTcb
                0x20000480                mainTcb
                0x20000488                runningTcb
                0x2000048c                taskOneStack
                0x20000890                . = ALIGN (0x4)
                0x20000890                _ebss = .
                0x20000890                __bss_end__ = _ebss

._user_heap_stack
                0x20000890      0x600
                0x20000890                . = ALIGN (0x4)
                0x20000890                PROVIDE (end, .)
                0x20000890                PROVIDE (_end, .)
                0x20000a90                . = (. + _Min_Heap_Size)
 *fill*         0x20000890      0x200 
                0x20000e90                . = (. + _Min_Stack_Size)
 *fill*         0x20000a90      0x400 
                0x20000e90                . = ALIGN (0x4)

/DISCARD/
 libc.a(*)
 libm.a(*)
 libgcc.a(*)

.ARM.attributes
                0x00000000       0x2a
 *(.ARM.attributes)
 .ARM.attributes
                0x00000000       0x1e c:/program files/gnu tools arm embedded/4.9 2015q1/bin/../lib/gcc/arm-none-eabi/4.9.3/armv7e-m/crti.o
 .ARM.attributes
                0x0000001e       0x2e c:/program files/gnu tools arm embedded/4.9 2015q1/bin/../lib/gcc/arm-none-eabi/4.9.3/armv7e-m/crtbegin.o
 .ARM.attributes
                0x0000004c       0x33 ..\obj\Task.o
 .ARM.attributes
                0x0000007f       0x33 ..\obj\stm32f4xx_hal_cortex.o
 .ARM.attributes
                0x000000b2       0x21 ..\obj\Scheduler.o
 .ARM.attributes
                0x000000d3       0x33 ..\obj\system_stm32f4xx.o
 .ARM.attributes
                0x00000106       0x33 ..\obj\stm32f4xx_hal.o
 .ARM.attributes
                0x00000139       0x33 ..\obj\stm32f4xx_it.o
 .ARM.attributes
                0x0000016c       0x33 ..\obj\stm32f4xx_hal_gpio.o
 .ARM.attributes
                0x0000019f       0x33 ..\obj\stm32f4xx_hal_rcc.o
 .ARM.attributes
                0x000001d2       0x21 ..\obj\startup_stm32f429xx.o
 .ARM.attributes
                0x000001f3       0x33 ..\obj\delay.o
 .ARM.attributes
                0x00000226       0x33 ..\obj\main.o
 .ARM.attributes
                0x00000259       0x33 ..\obj\linkedList.o
 .ARM.attributes
                0x0000028c       0x1e c:/program files/gnu tools arm embedded/4.9 2015q1/bin/../lib/gcc/arm-none-eabi/4.9.3/armv7e-m/crtn.o
LOAD ..\obj\assembly.o
LOAD ..\obj\Task.o
LOAD ..\obj\sd_LED2.o
LOAD ..\obj\stm32f4xx_hal_cortex.o
LOAD ..\obj\Scheduler.o
LOAD ..\obj\initButton.o
LOAD ..\obj\sd_LED1.o
LOAD ..\obj\initLED.o
LOAD ..\obj\system_stm32f4xx.o
LOAD ..\obj\stm32f4xx_hal.o
LOAD ..\obj\stm32f4xx_it.o
LOAD ..\obj\sd_LED3.o
LOAD ..\obj\stm32f4xx_hal_gpio.o
LOAD ..\obj\stm32f4xx_hal_rcc.o
LOAD ..\obj\startup_stm32f429xx.o
LOAD ..\obj\delay.o
LOAD ..\obj\main.o
LOAD ..\obj\linkedList.o
START GROUP
LOAD c:/program files/gnu tools arm embedded/4.9 2015q1/bin/../lib/gcc/arm-none-eabi/4.9.3/armv7e-m\libgcc.a
LOAD c:/program files/gnu tools arm embedded/4.9 2015q1/bin/../lib/gcc/arm-none-eabi/4.9.3/../../../../arm-none-eabi/lib/armv7e-m\libg.a
LOAD c:/program files/gnu tools arm embedded/4.9 2015q1/bin/../lib/gcc/arm-none-eabi/4.9.3/../../../../arm-none-eabi/lib/armv7e-m\libc.a
END GROUP
LOAD c:/program files/gnu tools arm embedded/4.9 2015q1/bin/../lib/gcc/arm-none-eabi/4.9.3/armv7e-m/crtend.o
LOAD c:/program files/gnu tools arm embedded/4.9 2015q1/bin/../lib/gcc/arm-none-eabi/4.9.3/armv7e-m/crtn.o
OUTPUT(Test01.elf elf32-littlearm)

.debug_info     0x00000000     0x3fc2
 .debug_info    0x00000000      0x2c6 ..\obj\Task.o
 .debug_info    0x000002c6      0xbac ..\obj\stm32f4xx_hal_cortex.o
 .debug_info    0x00000e72       0x97 ..\obj\Scheduler.o
 .debug_info    0x00000f09      0x4b4 ..\obj\system_stm32f4xx.o
 .debug_info    0x000013bd      0xa1c ..\obj\stm32f4xx_hal.o
 .debug_info    0x00001dd9      0x11e ..\obj\stm32f4xx_it.o
 .debug_info    0x00001ef7      0x712 ..\obj\stm32f4xx_hal_gpio.o
 .debug_info    0x00002609      0xe27 ..\obj\stm32f4xx_hal_rcc.o
 .debug_info    0x00003430       0x9d ..\obj\startup_stm32f429xx.o
 .debug_info    0x000034cd      0x13e ..\obj\delay.o
 .debug_info    0x0000360b      0x82e ..\obj\main.o
 .debug_info    0x00003e39      0x189 ..\obj\linkedList.o

.debug_abbrev   0x00000000      0xe90
 .debug_abbrev  0x00000000       0xee ..\obj\Task.o
 .debug_abbrev  0x000000ee      0x299 ..\obj\stm32f4xx_hal_cortex.o
 .debug_abbrev  0x00000387       0x14 ..\obj\Scheduler.o
 .debug_abbrev  0x0000039b       0xff ..\obj\system_stm32f4xx.o
 .debug_abbrev  0x0000049a      0x1ff ..\obj\stm32f4xx_hal.o
 .debug_abbrev  0x00000699       0x65 ..\obj\stm32f4xx_it.o
 .debug_abbrev  0x000006fe      0x1aa ..\obj\stm32f4xx_hal_gpio.o
 .debug_abbrev  0x000008a8      0x25a ..\obj\stm32f4xx_hal_rcc.o
 .debug_abbrev  0x00000b02       0x12 ..\obj\startup_stm32f429xx.o
 .debug_abbrev  0x00000b14       0xcc ..\obj\delay.o
 .debug_abbrev  0x00000be0      0x1df ..\obj\main.o
 .debug_abbrev  0x00000dbf       0xd1 ..\obj\linkedList.o

.debug_aranges  0x00000000      0x188
 .debug_aranges
                0x00000000       0x20 ..\obj\Task.o
 .debug_aranges
                0x00000020       0x20 ..\obj\stm32f4xx_hal_cortex.o
 .debug_aranges
                0x00000040       0x20 ..\obj\Scheduler.o
 .debug_aranges
                0x00000060       0x20 ..\obj\system_stm32f4xx.o
 .debug_aranges
                0x00000080       0x20 ..\obj\stm32f4xx_hal.o
 .debug_aranges
                0x000000a0       0x20 ..\obj\stm32f4xx_it.o
 .debug_aranges
                0x000000c0       0x20 ..\obj\stm32f4xx_hal_gpio.o
 .debug_aranges
                0x000000e0       0x20 ..\obj\stm32f4xx_hal_rcc.o
 .debug_aranges
                0x00000100       0x28 ..\obj\startup_stm32f429xx.o
 .debug_aranges
                0x00000128       0x20 ..\obj\delay.o
 .debug_aranges
                0x00000148       0x20 ..\obj\main.o
 .debug_aranges
                0x00000168       0x20 ..\obj\linkedList.o

.debug_line     0x00000000     0x1c88
 .debug_line    0x00000000      0x153 ..\obj\Task.o
 .debug_line    0x00000153      0x363 ..\obj\stm32f4xx_hal_cortex.o
 .debug_line    0x000004b6       0x71 ..\obj\Scheduler.o
 .debug_line    0x00000527      0x218 ..\obj\system_stm32f4xx.o
 .debug_line    0x0000073f      0x395 ..\obj\stm32f4xx_hal.o
 .debug_line    0x00000ad4      0x1a8 ..\obj\stm32f4xx_it.o
 .debug_line    0x00000c7c      0x48c ..\obj\stm32f4xx_hal_gpio.o
 .debug_line    0x00001108      0x5f1 ..\obj\stm32f4xx_hal_rcc.o
 .debug_line    0x000016f9       0x9f ..\obj\startup_stm32f429xx.o
 .debug_line    0x00001798      0x184 ..\obj\delay.o
 .debug_line    0x0000191c      0x2d1 ..\obj\main.o
 .debug_line    0x00001bed       0x9b ..\obj\linkedList.o

.debug_str      0x00000000     0x1649
 .debug_str     0x00000000      0x1a7 ..\obj\Task.o
                                0x1f1 (size before relaxing)
 .debug_str     0x000001a7      0x914 ..\obj\stm32f4xx_hal_cortex.o
                                0xb3f (size before relaxing)
 .debug_str     0x00000abb      0x162 ..\obj\system_stm32f4xx.o
                                0x336 (size before relaxing)
 .debug_str     0x00000c1d      0x2fd ..\obj\stm32f4xx_hal.o
                                0xb04 (size before relaxing)
 .debug_str     0x00000f1a       0xba ..\obj\stm32f4xx_it.o
                                0x1cf (size before relaxing)
 .debug_str     0x00000fd4      0x214 ..\obj\stm32f4xx_hal_gpio.o
                                0x503 (size before relaxing)
 .debug_str     0x000011e8      0x2fb ..\obj\stm32f4xx_hal_rcc.o
                                0x6bd (size before relaxing)
 .debug_str     0x000014e3       0x80 ..\obj\delay.o
                                0x1e6 (size before relaxing)
 .debug_str     0x00001563       0x74 ..\obj\main.o
                                0x8d7 (size before relaxing)
 .debug_str     0x000015d7       0x72 ..\obj\linkedList.o
                                0x1dd (size before relaxing)

.comment        0x00000000       0x70
 .comment       0x00000000       0x70 ..\obj\Task.o
                                 0x71 (size before relaxing)
 .comment       0x00000000       0x71 ..\obj\stm32f4xx_hal_cortex.o
 .comment       0x00000000       0x71 ..\obj\system_stm32f4xx.o
 .comment       0x00000000       0x71 ..\obj\stm32f4xx_hal.o
 .comment       0x00000000       0x71 ..\obj\stm32f4xx_it.o
 .comment       0x00000000       0x71 ..\obj\stm32f4xx_hal_gpio.o
 .comment       0x00000000       0x71 ..\obj\stm32f4xx_hal_rcc.o
 .comment       0x00000000       0x71 ..\obj\delay.o
 .comment       0x00000000       0x71 ..\obj\main.o
 .comment       0x00000000       0x71 ..\obj\linkedList.o

.debug_frame    0x00000000      0xdc4
 .debug_frame   0x00000000       0x44 ..\obj\Task.o
 .debug_frame   0x00000044      0x428 ..\obj\stm32f4xx_hal_cortex.o
 .debug_frame   0x0000046c       0x58 ..\obj\system_stm32f4xx.o
 .debug_frame   0x000004c4      0x310 ..\obj\stm32f4xx_hal.o
 .debug_frame   0x000007d4       0xf0 ..\obj\stm32f4xx_it.o
 .debug_frame   0x000008c4      0x14c ..\obj\stm32f4xx_hal_gpio.o
 .debug_frame   0x00000a10      0x204 ..\obj\stm32f4xx_hal_rcc.o
 .debug_frame   0x00000c14       0x70 ..\obj\delay.o
 .debug_frame   0x00000c84       0xb8 ..\obj\main.o
 .debug_frame   0x00000d3c       0x88 ..\obj\linkedList.o

.debug_ranges   0x00000000       0x20
 .debug_ranges  0x00000000       0x20 ..\obj\startup_stm32f429xx.o
